Archive member included to satisfy reference by file (symbol)

c:/program files (x86)/embitz/1.11/share/em_armgcc/bin/../lib/gcc/arm-none-eabi/5.4.1/armv7-m\libgcc.a(_arm_addsubdf3.o)
                              obj\release\inc\core\core.o (__aeabi_dadd)
c:/program files (x86)/embitz/1.11/share/em_armgcc/bin/../lib/gcc/arm-none-eabi/5.4.1/armv7-m\libgcc.a(_arm_muldivdf3.o)
                              obj\release\inc\core\core.o (__aeabi_ddiv)
c:/program files (x86)/embitz/1.11/share/em_armgcc/bin/../lib/gcc/arm-none-eabi/5.4.1/armv7-m\libgcc.a(_arm_fixunsdfsi.o)
                              obj\release\inc\core\core.o (__aeabi_d2uiz)
c:/program files (x86)/embitz/1.11/share/em_armgcc/bin/../lib/gcc/arm-none-eabi/5.4.1/armv7-m\libgcc.a(_aeabi_uldivmod.o)
                              obj\release\inc\core\core.o (__aeabi_uldivmod)
c:/program files (x86)/embitz/1.11/share/em_armgcc/bin/../lib/gcc/arm-none-eabi/5.4.1/armv7-m\libgcc.a(_udivmoddi4.o)
                              c:/program files (x86)/embitz/1.11/share/em_armgcc/bin/../lib/gcc/arm-none-eabi/5.4.1/armv7-m\libgcc.a(_aeabi_uldivmod.o) (__udivmoddi4)
c:/program files (x86)/embitz/1.11/share/em_armgcc/bin/../lib/gcc/arm-none-eabi/5.4.1/armv7-m\libgcc.a(_dvmd_tls.o)
                              c:/program files (x86)/embitz/1.11/share/em_armgcc/bin/../lib/gcc/arm-none-eabi/5.4.1/armv7-m\libgcc.a(_aeabi_uldivmod.o) (__aeabi_ldiv0)
c:/program files (x86)/embitz/1.11/share/em_armgcc/bin/../lib/gcc/arm-none-eabi/5.4.1/../../../../arm-none-eabi/lib/armv7-m\libg_n.a(lib_a-exit.o)
                              c:/program files (x86)/embitz/1.11/share/em_armgcc/bin/../lib/gcc/arm-none-eabi/5.4.1/../../../../arm-none-eabi/lib/armv7-m/crt0.o (exit)
c:/program files (x86)/embitz/1.11/share/em_armgcc/bin/../lib/gcc/arm-none-eabi/5.4.1/../../../../arm-none-eabi/lib/armv7-m\libg_n.a(lib_a-impure.o)
                              c:/program files (x86)/embitz/1.11/share/em_armgcc/bin/../lib/gcc/arm-none-eabi/5.4.1/../../../../arm-none-eabi/lib/armv7-m\libg_n.a(lib_a-exit.o) (_global_impure_ptr)
c:/program files (x86)/embitz/1.11/share/em_armgcc/bin/../lib/gcc/arm-none-eabi/5.4.1/../../../../arm-none-eabi/lib/armv7-m\libg_n.a(lib_a-init.o)
                              c:/program files (x86)/embitz/1.11/share/em_armgcc/bin/../lib/gcc/arm-none-eabi/5.4.1/../../../../arm-none-eabi/lib/armv7-m/crt0.o (__libc_init_array)
c:/program files (x86)/embitz/1.11/share/em_armgcc/bin/../lib/gcc/arm-none-eabi/5.4.1/../../../../arm-none-eabi/lib/armv7-m\libg_n.a(lib_a-memset.o)
                              c:/program files (x86)/embitz/1.11/share/em_armgcc/bin/../lib/gcc/arm-none-eabi/5.4.1/../../../../arm-none-eabi/lib/armv7-m/crt0.o (memset)
c:/program files (x86)/embitz/1.11/share/em_armgcc/bin/../lib/gcc/arm-none-eabi/5.4.1/../../../../arm-none-eabi/lib/armv7-m\libg_n.a(lib_a-printf.o)
                              obj\release\inc\core\core.o (printf)
c:/program files (x86)/embitz/1.11/share/em_armgcc/bin/../lib/gcc/arm-none-eabi/5.4.1/../../../../arm-none-eabi/lib/armv7-m\libg_n.a(lib_a-putchar.o)
                              obj\release\inc\core\core.o (putchar)
c:/program files (x86)/embitz/1.11/share/em_armgcc/bin/../lib/gcc/arm-none-eabi/5.4.1/../../../../arm-none-eabi/lib/armv7-m\libg_n.a(lib_a-findfp.o)
                              c:/program files (x86)/embitz/1.11/share/em_armgcc/bin/../lib/gcc/arm-none-eabi/5.4.1/../../../../arm-none-eabi/lib/armv7-m\libg_n.a(lib_a-printf.o) (__sinit)
c:/program files (x86)/embitz/1.11/share/em_armgcc/bin/../lib/gcc/arm-none-eabi/5.4.1/../../../../arm-none-eabi/lib/armv7-m\libg_n.a(lib_a-fwalk.o)
                              c:/program files (x86)/embitz/1.11/share/em_armgcc/bin/../lib/gcc/arm-none-eabi/5.4.1/../../../../arm-none-eabi/lib/armv7-m\libg_n.a(lib_a-findfp.o) (_fwalk)
c:/program files (x86)/embitz/1.11/share/em_armgcc/bin/../lib/gcc/arm-none-eabi/5.4.1/../../../../arm-none-eabi/lib/armv7-m\libg_n.a(lib_a-nano-mallocr.o)
                              c:/program files (x86)/embitz/1.11/share/em_armgcc/bin/../lib/gcc/arm-none-eabi/5.4.1/../../../../arm-none-eabi/lib/armv7-m\libg_n.a(lib_a-findfp.o) (_malloc_r)
c:/program files (x86)/embitz/1.11/share/em_armgcc/bin/../lib/gcc/arm-none-eabi/5.4.1/../../../../arm-none-eabi/lib/armv7-m\libg_n.a(lib_a-nano-vfprintf.o)
                              c:/program files (x86)/embitz/1.11/share/em_armgcc/bin/../lib/gcc/arm-none-eabi/5.4.1/../../../../arm-none-eabi/lib/armv7-m\libg_n.a(lib_a-printf.o) (_vfprintf_r)
c:/program files (x86)/embitz/1.11/share/em_armgcc/bin/../lib/gcc/arm-none-eabi/5.4.1/../../../../arm-none-eabi/lib/armv7-m\libg_n.a(lib_a-nano-vfprintf_i.o)
                              c:/program files (x86)/embitz/1.11/share/em_armgcc/bin/../lib/gcc/arm-none-eabi/5.4.1/../../../../arm-none-eabi/lib/armv7-m\libg_n.a(lib_a-nano-vfprintf.o) (_printf_i)
[...]
Memory Configuration

Name             Origin             Length             Attributes
ROM              0x08000000         0x00010000         xr
RAM              0x20000000         0x00005000         xrw
*default*        0x00000000         0xffffffff

Linker script and memory map

LOAD c:/program files (x86)/embitz/1.11/share/em_armgcc/bin/../lib/gcc/arm-none-eabi/5.4.1/armv7-m/crti.o
LOAD c:/program files (x86)/embitz/1.11/share/em_armgcc/bin/../lib/gcc/arm-none-eabi/5.4.1/armv7-m/crtbegin.o
LOAD c:/program files (x86)/embitz/1.11/share/em_armgcc/bin/../lib/gcc/arm-none-eabi/5.4.1/../../../../arm-none-eabi/lib/armv7-m/crt0.o
                0x00000000                __HEAP_SIZE = 0x0
                0x00000100                __STACK_SIZE = 0x100

.text           0x08000000      0x7e0
 *(.isr_vector)
 .isr_vector    0x08000000       0xec obj\release\src\startup_stm32f10x_md.o
                0x08000000                __isr_vector
 *(.text*)
 .text          0x080000ec       0x5c c:/program files (x86)/embitz/1.11/share/em_armgcc/bin/../lib/gcc/arm-none-eabi/5.4.1/armv7-m/crtbegin.o
 .text          0x08000148       0x74 c:/program files (x86)/embitz/1.11/share/em_armgcc/bin/../lib/gcc/arm-none-eabi/5.4.1/../../../../arm-none-eabi/lib/armv7-m/crt0.o
                0x08000148                _start
                0x08000148                _mainCRTStartup
 .text.delay_us.part.0
                0x080001bc       0x74 obj\release\inc\core\core.o
 .text.delay_ms
                0x08000230       0x10 obj\release\inc\core\core.o
                0x08000230                delay_ms
 .text.Core_begin
                0x08000240       0x60 obj\release\inc\core\core.o
                0x08000240                Core_begin
 .text.GPIO_Init
                0x080002a0       0xcc obj\release\spl\src\stm32f10x_gpio.o
                0x080002a0                GPIO_Init
 .text.GPIO_SetBits
                0x0800036c        0x4 obj\release\spl\src\stm32f10x_gpio.o
                0x0800036c                GPIO_SetBits
 .text.GPIO_ResetBits
                0x08000370        0x4 obj\release\spl\src\stm32f10x_gpio.o
                0x08000370                GPIO_ResetBits
 .text.RCC_APB2PeriphClockCmd
                0x08000374       0x1c obj\release\spl\src\stm32f10x_rcc.o
                0x08000374                RCC_APB2PeriphClockCmd
 .text.shiftOut
                0x08000390       0x44 obj\release\src\main.o
                0x08000390                shiftOut
 .text.setLed   0x080003d4       0x40 obj\release\src\main.o
                0x080003d4                setLed
 .text.effect1  0x08000414       0x2c obj\release\src\main.o
                0x08000414                effect1
 .text.effect2  0x08000440       0x90 obj\release\src\main.o
                0x08000440                effect2
 .text.startup.main
                0x080004d0       0x48 obj\release\src\main.o
                0x080004d0                main
 .text          0x08000518       0xb8 obj\release\src\startup_stm32f10x_md.o
                0x08000518                Reset_Handler
                0x0800055e                NMI_Handler
                0x08000560                HardFault_Handler
                0x08000562                MemManage_Handler
                0x08000564                BusFault_Handler
                0x08000566                UsageFault_Handler
                0x08000568                SVC_Handler
                0x0800056a                DebugMon_Handler
                0x0800056c                PendSV_Handler
                0x0800056e                SysTick_Handler
                0x08000570                Default_Handler
                0x08000572                WWDG_IRQHandler
                0x08000574                PVD_IRQHandler
                0x08000576                TAMPER_IRQHandler
                0x08000578                RTC_IRQHandler
                0x0800057a                FLASH_IRQHandler
                0x0800057c                RCC_IRQHandler
                0x0800057e                EXTI0_IRQHandler
                0x08000580                EXTI1_IRQHandler
                0x08000582                EXTI2_IRQHandler
                0x08000584                EXTI3_IRQHandler
                0x08000586                EXTI4_IRQHandler
                0x08000588                DMA1_Channel1_IRQHandler
                0x0800058a                DMA1_Channel2_IRQHandler
                0x0800058c                DMA1_Channel3_IRQHandler
                0x0800058e                DMA1_Channel4_IRQHandler
                0x08000590                DMA1_Channel5_IRQHandler
                0x08000592                DMA1_Channel6_IRQHandler
                0x08000594                DMA1_Channel7_IRQHandler
                0x08000596                ADC1_2_IRQHandler
                0x08000598                USB_HP_CAN1_TX_IRQHandler
                0x0800059a                USB_LP_CAN1_RX0_IRQHandler
                0x0800059c                CAN1_RX1_IRQHandler
                0x0800059e                CAN1_SCE_IRQHandler
                0x080005a0                EXTI9_5_IRQHandler
                0x080005a2                TIM1_BRK_IRQHandler
                0x080005a4                TIM1_UP_IRQHandler
                0x080005a6                TIM1_TRG_COM_IRQHandler
                0x080005a8                TIM1_CC_IRQHandler
                0x080005aa                TIM2_IRQHandler
                0x080005ac                TIM3_IRQHandler
                0x080005ae                TIM4_IRQHandler
                0x080005b0                I2C1_EV_IRQHandler
                0x080005b2                I2C1_ER_IRQHandler
                0x080005b4                I2C2_EV_IRQHandler
                0x080005b6                I2C2_ER_IRQHandler
                0x080005b8                SPI1_IRQHandler
                0x080005ba                SPI2_IRQHandler
                0x080005bc                USART1_IRQHandler
                0x080005be                USART2_IRQHandler
                0x080005c0                USART3_IRQHandler
                0x080005c2                EXTI15_10_IRQHandler
                0x080005c4                RTCAlarm_IRQHandler
                0x080005c6                USBWakeUp_IRQHandler
 .text.SystemInit
                0x080005d0      0x104 obj\release\src\system_stm32f10x.o
                0x080005d0                SystemInit
 .text.exit     0x080006d4       0x28 c:/program files (x86)/embitz/1.11/share/em_armgcc/bin/../lib/gcc/arm-none-eabi/5.4.1/../../../../arm-none-eabi/lib/armv7-m\libg_n.a(lib_a-exit.o)
                0x080006d4                exit
 .text.__libc_init_array
                0x080006fc       0x4c c:/program files (x86)/embitz/1.11/share/em_armgcc/bin/../lib/gcc/arm-none-eabi/5.4.1/../../../../arm-none-eabi/lib/armv7-m\libg_n.a(lib_a-init.o)
                0x080006fc                __libc_init_array
 .text.memset   0x08000748       0x10 c:/program files (x86)/embitz/1.11/share/em_armgcc/bin/../lib/gcc/arm-none-eabi/5.4.1/../../../../arm-none-eabi/lib/armv7-m\libg_n.a(lib_a-memset.o)
                0x08000748                memset
 .text._exit    0x08000758        0x2 c:/program files (x86)/embitz/1.11/share/em_armgcc/bin/../lib/gcc/arm-none-eabi/5.4.1/../../../../arm-none-eabi/lib/armv7-m\libnosys_s.a(_exit.o)
                0x08000758                _exit
 *(.init)
 *fill*         0x0800075a        0x2 
 .init          0x0800075c        0x4 c:/program files (x86)/embitz/1.11/share/em_armgcc/bin/../lib/gcc/arm-none-eabi/5.4.1/armv7-m/crti.o
                0x0800075c                _init
 .init          0x08000760        0x8 c:/program files (x86)/embitz/1.11/share/em_armgcc/bin/../lib/gcc/arm-none-eabi/5.4.1/armv7-m/crtn.o
 *(.fini)
 .fini          0x08000768        0x4 c:/program files (x86)/embitz/1.11/share/em_armgcc/bin/../lib/gcc/arm-none-eabi/5.4.1/armv7-m/crti.o
                0x08000768                _fini
 .fini          0x0800076c        0x8 c:/program files (x86)/embitz/1.11/share/em_armgcc/bin/../lib/gcc/arm-none-eabi/5.4.1/armv7-m/crtn.o
 *crtbegin.o(.ctors)
 *crtbegin?.o(.ctors)
 *(EXCLUDE_FILE(*crtend.o *crtend?.o) .ctors)
 *(SORT(.ctors.*))
 *(.ctors)
 *crtbegin.o(.dtors)
 *crtbegin?.o(.dtors)
 *(EXCLUDE_FILE(*crtend.o *crtend?.o) .dtors)
 *(SORT(.dtors.*))
 *(.dtors)
 *(.rodata*)
 .rodata.str1.1
                0x08000774        0x2 c:/program files (x86)/embitz/1.11/share/em_armgcc/bin/../lib/gcc/arm-none-eabi/5.4.1/../../../../arm-none-eabi/lib/armv7-m\libg_n.a(lib_a-impure.o)
 *fill*         0x08000776        0x2 
 .rodata._global_impure_ptr
                0x08000778        0x4 c:/program files (x86)/embitz/1.11/share/em_armgcc/bin/../lib/gcc/arm-none-eabi/5.4.1/../../../../arm-none-eabi/lib/armv7-m\libg_n.a(lib_a-impure.o)
                0x08000778                _global_impure_ptr
 .rodata.__sf_fake_stdin
                0x0800077c       0x20 c:/program files (x86)/embitz/1.11/share/em_armgcc/bin/../lib/gcc/arm-none-eabi/5.4.1/../../../../arm-none-eabi/lib/armv7-m\libg_n.a(lib_a-findfp.o)
                0x0800077c                __sf_fake_stdin
 .rodata.__sf_fake_stdout
                0x0800079c       0x20 c:/program files (x86)/embitz/1.11/share/em_armgcc/bin/../lib/gcc/arm-none-eabi/5.4.1/../../../../arm-none-eabi/lib/armv7-m\libg_n.a(lib_a-findfp.o)
                0x0800079c                __sf_fake_stdout
 .rodata.__sf_fake_stderr
                0x080007bc       0x20 c:/program files (x86)/embitz/1.11/share/em_armgcc/bin/../lib/gcc/arm-none-eabi/5.4.1/../../../../arm-none-eabi/lib/armv7-m\libg_n.a(lib_a-findfp.o)
                0x080007bc                __sf_fake_stderr
 *(.eh_frame*)
 .eh_frame      0x080007dc        0x0 c:/program files (x86)/embitz/1.11/share/em_armgcc/bin/../lib/gcc/arm-none-eabi/5.4.1/armv7-m/crtbegin.o
 .eh_frame      0x080007dc        0x4 c:/program files (x86)/embitz/1.11/share/em_armgcc/bin/../lib/gcc/arm-none-eabi/5.4.1/armv7-m/crtend.o

.glue_7         0x080007e0        0x0
 .glue_7        0x080007e0        0x0 linker stubs

.glue_7t        0x080007e0        0x0
 .glue_7t       0x080007e0        0x0 linker stubs

.vfp11_veneer   0x080007e0        0x0
 .vfp11_veneer  0x080007e0        0x0 linker stubs

.v4_bx          0x080007e0        0x0
 .v4_bx         0x080007e0        0x0 linker stubs

.iplt           0x080007e0        0x0
 .iplt          0x080007e0        0x0 c:/program files (x86)/embitz/1.11/share/em_armgcc/bin/../lib/gcc/arm-none-eabi/5.4.1/armv7-m/crtbegin.o

.ARM.extab
 *(.ARM.extab* .gnu.linkonce.armextab.*)
                0x080007e0                __exidx_start = .

.ARM.exidx      0x080007e0        0x8
 *(.ARM.exidx* .gnu.linkonce.armexidx.*)
 .ARM.exidx     0x080007e0        0x8 c:/program files (x86)/embitz/1.11/share/em_armgcc/bin/../lib/gcc/arm-none-eabi/5.4.1/../../../../arm-none-eabi/lib/armv7-m/crt0.o
                0x080007e8                __exidx_end = .
                0x080007e8                __etext = .

.rel.dyn        0x080007e8        0x0
 .rel.iplt      0x080007e8        0x0 c:/program files (x86)/embitz/1.11/share/em_armgcc/bin/../lib/gcc/arm-none-eabi/5.4.1/armv7-m/crtbegin.o

.data           0x20000000       0x68 load address 0x080007e8
                0x20000000                __data_start__ = .
 *(vtable)
 *(.data*)
 .data.impure_data
                0x20000000       0x60 c:/program files (x86)/embitz/1.11/share/em_armgcc/bin/../lib/gcc/arm-none-eabi/5.4.1/../../../../arm-none-eabi/lib/armv7-m\libg_n.a(lib_a-impure.o)
                0x20000060                . = ALIGN (0x4)
                0x20000060                PROVIDE (__preinit_array_start, .)
 *(.preinit_array)
                0x20000060                PROVIDE (__preinit_array_end, .)
                0x20000060                . = ALIGN (0x4)
                0x20000060                PROVIDE (__init_array_start, .)
 *(SORT(.init_array.*))
 *(.init_array)
 .init_array    0x20000060        0x4 c:/program files (x86)/embitz/1.11/share/em_armgcc/bin/../lib/gcc/arm-none-eabi/5.4.1/armv7-m/crtbegin.o
                0x20000064                PROVIDE (__init_array_end, .)
                0x20000064                . = ALIGN (0x4)
                [!provide]                PROVIDE (__fini_array_start, .)
 *(SORT(.fini_array.*))
 *(.fini_array)
 .fini_array    0x20000064        0x4 c:/program files (x86)/embitz/1.11/share/em_armgcc/bin/../lib/gcc/arm-none-eabi/5.4.1/armv7-m/crtbegin.o
                [!provide]                PROVIDE (__fini_array_end, .)
                0x20000068                . = ALIGN (0x4)
                0x20000068                __data_end__ = .

.jcr            0x20000068        0x0 load address 0x08000850
 .jcr           0x20000068        0x0 c:/program files (x86)/embitz/1.11/share/em_armgcc/bin/../lib/gcc/arm-none-eabi/5.4.1/armv7-m/crtbegin.o

.igot.plt       0x20000068        0x0 load address 0x08000850
 .igot.plt      0x20000068        0x0 c:/program files (x86)/embitz/1.11/share/em_armgcc/bin/../lib/gcc/arm-none-eabi/5.4.1/armv7-m/crtbegin.o

.bss            0x20000068       0x30 load address 0x08000850
                0x20000068                __bss_start__ = .
 *(.bss*)
 .bss           0x20000068       0x1c c:/program files (x86)/embitz/1.11/share/em_armgcc/bin/../lib/gcc/arm-none-eabi/5.4.1/armv7-m/crtbegin.o
 *fill*         0x20000084        0x4 
 .bss.last_cycle_count_64
                0x20000088        0x8 obj\release\inc\core\core.o
                0x20000088                last_cycle_count_64
 .bss.output    0x20000090        0x4 obj\release\src\main.o
                0x20000090                output
 *(COMMON)
 COMMON         0x20000094        0x4 obj\release\src\main.o
                0x20000094                GPIO_struct
                0x20000098                __bss_end__ = .

.heap           0x20000098        0x0
                0x20000098                __end__ = .
                0x20000098                end = __end__
 *(.heap*)
 .heap          0x20000098        0x0 obj\release\src\startup_stm32f10x_md.o
                0x20000098                __HeapLimit = .

.stack_dummy    0x20000098      0x100
 *(.stack)
 .stack         0x20000098      0x100 obj\release\src\startup_stm32f10x_md.o
                0x20005000                __StackTop = (ORIGIN (RAM) + LENGTH (RAM))
                0x20004f00                __StackLimit = (__StackTop - SIZEOF (.stack_dummy))
                0x20005000                PROVIDE (__stack, __StackTop)
                0x00000001                ASSERT ((__StackLimit >= __HeapLimit), region RAM overflowed with stack)
LOAD obj\release\inc\core\core.o
LOAD obj\release\spl\src\misc.o
LOAD obj\release\spl\src\stm32f10x_adc.o
LOAD obj\release\spl\src\stm32f10x_bkp.o
LOAD obj\release\spl\src\stm32f10x_can.o
LOAD obj\release\spl\src\stm32f10x_cec.o
LOAD obj\release\spl\src\stm32f10x_crc.o
LOAD obj\release\spl\src\stm32f10x_dac.o
LOAD obj\release\spl\src\stm32f10x_dbgmcu.o
LOAD obj\release\spl\src\stm32f10x_dma.o
LOAD obj\release\spl\src\stm32f10x_exti.o
LOAD obj\release\spl\src\stm32f10x_flash.o
LOAD obj\release\spl\src\stm32f10x_fsmc.o
LOAD obj\release\spl\src\stm32f10x_gpio.o
LOAD obj\release\spl\src\stm32f10x_i2c.o
LOAD obj\release\spl\src\stm32f10x_iwdg.o
LOAD obj\release\spl\src\stm32f10x_pwr.o
LOAD obj\release\spl\src\stm32f10x_rcc.o
LOAD obj\release\spl\src\stm32f10x_rtc.o
LOAD obj\release\spl\src\stm32f10x_sdio.o
LOAD obj\release\spl\src\stm32f10x_spi.o
LOAD obj\release\spl\src\stm32f10x_tim.o
LOAD obj\release\spl\src\stm32f10x_usart.o
LOAD obj\release\spl\src\stm32f10x_wwdg.o
LOAD obj\release\src\main.o
LOAD obj\release\src\startup_stm32f10x_md.o
LOAD obj\release\src\system_stm32f10x.o
START GROUP
LOAD c:/program files (x86)/embitz/1.11/share/em_armgcc/bin/../lib/gcc/arm-none-eabi/5.4.1/armv7-m\libgcc.a
LOAD c:/program files (x86)/embitz/1.11/share/em_armgcc/bin/../lib/gcc/arm-none-eabi/5.4.1/../../../../arm-none-eabi/lib/armv7-m\libg_n.a
LOAD c:/program files (x86)/embitz/1.11/share/em_armgcc/bin/../lib/gcc/arm-none-eabi/5.4.1/../../../../arm-none-eabi/lib/armv7-m\libc_n.a
END GROUP
START GROUP
LOAD c:/program files (x86)/embitz/1.11/share/em_armgcc/bin/../lib/gcc/arm-none-eabi/5.4.1/armv7-m\libgcc.a
LOAD c:/program files (x86)/embitz/1.11/share/em_armgcc/bin/../lib/gcc/arm-none-eabi/5.4.1/../../../../arm-none-eabi/lib/armv7-m\libc_n.a
LOAD c:/program files (x86)/embitz/1.11/share/em_armgcc/bin/../lib/gcc/arm-none-eabi/5.4.1/../../../../arm-none-eabi/lib/armv7-m\libnosys_s.a
END GROUP
LOAD c:/program files (x86)/embitz/1.11/share/em_armgcc/bin/../lib/gcc/arm-none-eabi/5.4.1/armv7-m/crtend.o
LOAD c:/program files (x86)/embitz/1.11/share/em_armgcc/bin/../lib/gcc/arm-none-eabi/5.4.1/armv7-m/crtn.o
OUTPUT(bin\Release\ShiftOut.elf elf32-littlearm)

.ARM.attributes
                0x00000000       0x29
 .ARM.attributes
                0x00000000       0x1d c:/program files (x86)/embitz/1.11/share/em_armgcc/bin/../lib/gcc/arm-none-eabi/5.4.1/armv7-m/crti.o
 .ARM.attributes
                0x0000001d       0x2d c:/program files (x86)/embitz/1.11/share/em_armgcc/bin/../lib/gcc/arm-none-eabi/5.4.1/armv7-m/crtbegin.o
 .ARM.attributes
                0x0000004a       0x1b c:/program files (x86)/embitz/1.11/share/em_armgcc/bin/../lib/gcc/arm-none-eabi/5.4.1/../../../../arm-none-eabi/lib/armv7-m/crt0.o
 .ARM.attributes
                0x00000065       0x33 obj\release\inc\core\core.o
 .ARM.attributes
                0x00000098       0x33 obj\release\spl\src\stm32f10x_gpio.o
 .ARM.attributes
                0x000000cb       0x33 obj\release\spl\src\stm32f10x_rcc.o
 .ARM.attributes
                0x000000fe       0x33 obj\release\src\main.o
 .ARM.attributes
                0x00000131       0x1b obj\release\src\startup_stm32f10x_md.o
 .ARM.attributes
                0x0000014c       0x33 obj\release\src\system_stm32f10x.o
 .ARM.attributes
                0x0000017f       0x2d c:/program files (x86)/embitz/1.11/share/em_armgcc/bin/../lib/gcc/arm-none-eabi/5.4.1/../../../../arm-none-eabi/lib/armv7-m\libg_n.a(lib_a-exit.o)
 .ARM.attributes
                0x000001ac       0x2d c:/program files (x86)/embitz/1.11/share/em_armgcc/bin/../lib/gcc/arm-none-eabi/5.4.1/../../../../arm-none-eabi/lib/armv7-m\libg_n.a(lib_a-impure.o)
 .ARM.attributes
                0x000001d9       0x2d c:/program files (x86)/embitz/1.11/share/em_armgcc/bin/../lib/gcc/arm-none-eabi/5.4.1/../../../../arm-none-eabi/lib/armv7-m\libg_n.a(lib_a-init.o)
 .ARM.attributes
                0x00000206       0x2d c:/program files (x86)/embitz/1.11/share/em_armgcc/bin/../lib/gcc/arm-none-eabi/5.4.1/../../../../arm-none-eabi/lib/armv7-m\libg_n.a(lib_a-memset.o)
 .ARM.attributes
                0x00000233       0x2d c:/program files (x86)/embitz/1.11/share/em_armgcc/bin/../lib/gcc/arm-none-eabi/5.4.1/../../../../arm-none-eabi/lib/armv7-m\libg_n.a(lib_a-findfp.o)
 .ARM.attributes
                0x00000260       0x2d c:/program files (x86)/embitz/1.11/share/em_armgcc/bin/../lib/gcc/arm-none-eabi/5.4.1/../../../../arm-none-eabi/lib/armv7-m\libnosys_s.a(_exit.o)
 .ARM.attributes
                0x0000028d       0x2d c:/program files (x86)/embitz/1.11/share/em_armgcc/bin/../lib/gcc/arm-none-eabi/5.4.1/armv7-m/crtend.o
 .ARM.attributes
                0x000002ba       0x1d c:/program files (x86)/embitz/1.11/share/em_armgcc/bin/../lib/gcc/arm-none-eabi/5.4.1/armv7-m/crtn.o

.comment        0x00000000       0x6e
 .comment       0x00000000       0x6e obj\release\inc\core\core.o
                                 0x6f (size before relaxing)
 .comment       0x0000006e       0x6f obj\release\spl\src\stm32f10x_gpio.o
 .comment       0x0000006e       0x6f obj\release\spl\src\stm32f10x_rcc.o
 .comment       0x0000006e       0x6f obj\release\src\main.o
 .comment       0x0000006e       0x6f obj\release\src\system_stm32f10x.o

.debug_info     0x00000000     0x3897
 .debug_info    0x00000000     0x1b60 obj\release\inc\core\core.o
 .debug_info    0x00001b60      0x891 obj\release\spl\src\stm32f10x_gpio.o
 .debug_info    0x000023f1      0x946 obj\release\spl\src\stm32f10x_rcc.o
 .debug_info    0x00002d37      0x625 obj\release\src\main.o
 .debug_info    0x0000335c       0x73 obj\release\src\startup_stm32f10x_md.o
 .debug_info    0x000033cf      0x4c8 obj\release\src\system_stm32f10x.o

.debug_abbrev   0x00000000      0xcf4
 .debug_abbrev  0x00000000      0x559 obj\release\inc\core\core.o
 .debug_abbrev  0x00000559      0x202 obj\release\spl\src\stm32f10x_gpio.o
 .debug_abbrev  0x0000075b      0x270 obj\release\spl\src\stm32f10x_rcc.o
 .debug_abbrev  0x000009cb      0x1a5 obj\release\src\main.o
 .debug_abbrev  0x00000b70       0x14 obj\release\src\startup_stm32f10x_md.o
 .debug_abbrev  0x00000b84      0x170 obj\release\src\system_stm32f10x.o

.debug_loc      0x00000000     0x193c
 .debug_loc     0x00000000      0xa0f obj\release\inc\core\core.o
 .debug_loc     0x00000a0f      0x569 obj\release\spl\src\stm32f10x_gpio.o
 .debug_loc     0x00000f78      0x726 obj\release\spl\src\stm32f10x_rcc.o
 .debug_loc     0x0000169e      0x1e2 obj\release\src\main.o
 .debug_loc     0x00001880       0xbc obj\release\src\system_stm32f10x.o

.debug_aranges  0x00000000      0x3b8
 .debug_aranges
                0x00000000      0x170 obj\release\inc\core\core.o
 .debug_aranges
                0x00000170       0xa8 obj\release\spl\src\stm32f10x_gpio.o
 .debug_aranges
                0x00000218      0x118 obj\release\spl\src\stm32f10x_rcc.o
 .debug_aranges
                0x00000330       0x40 obj\release\src\main.o
 .debug_aranges
                0x00000370       0x20 obj\release\src\startup_stm32f10x_md.o
 .debug_aranges
                0x00000390       0x28 obj\release\src\system_stm32f10x.o

.debug_ranges   0x00000000      0x750
 .debug_ranges  0x00000000      0x520 obj\release\inc\core\core.o
 .debug_ranges  0x00000520       0x98 obj\release\spl\src\stm32f10x_gpio.o
 .debug_ranges  0x000005b8      0x128 obj\release\spl\src\stm32f10x_rcc.o
 .debug_ranges  0x000006e0       0x30 obj\release\src\main.o
 .debug_ranges  0x00000710       0x40 obj\release\src\system_stm32f10x.o

.debug_line     0x00000000     0x146c
 .debug_line    0x00000000      0x841 obj\release\inc\core\core.o
 .debug_line    0x00000841      0x357 obj\release\spl\src\stm32f10x_gpio.o
 .debug_line    0x00000b98      0x42f obj\release\spl\src\stm32f10x_rcc.o
 .debug_line    0x00000fc7      0x24c obj\release\src\main.o
 .debug_line    0x00001213       0xa8 obj\release\src\startup_stm32f10x_md.o
 .debug_line    0x000012bb      0x1b1 obj\release\src\system_stm32f10x.o

.debug_str      0x00000000     0x132d
 .debug_str     0x00000000      0xc4b obj\release\inc\core\core.o
                                0xcd2 (size before relaxing)
 .debug_str     0x00000c4b      0x2ae obj\release\spl\src\stm32f10x_gpio.o
                                0x576 (size before relaxing)
 .debug_str     0x00000ef9      0x35e obj\release\spl\src\stm32f10x_rcc.o
                                0x660 (size before relaxing)
 .debug_str     0x00001257       0x72 obj\release\src\main.o
                                0x388 (size before relaxing)
 .debug_str     0x000012c9       0x64 obj\release\src\system_stm32f10x.o
                                0x332 (size before relaxing)

.debug_frame    0x00000000      0xa84
 .debug_frame   0x00000000      0x418 obj\release\inc\core\core.o
 .debug_frame   0x00000418      0x1b0 obj\release\spl\src\stm32f10x_gpio.o
 .debug_frame   0x000005c8      0x228 obj\release\spl\src\stm32f10x_rcc.o
 .debug_frame   0x000007f0       0x9c obj\release\src\main.o
 .debug_frame   0x0000088c       0x48 obj\release\src\system_stm32f10x.o
 .debug_frame   0x000008d4       0x28 c:/program files (x86)/embitz/1.11/share/em_armgcc/bin/../lib/gcc/arm-none-eabi/5.4.1/../../../../arm-none-eabi/lib/armv7-m\libg_n.a(lib_a-exit.o)
 .debug_frame   0x000008fc       0x2c c:/program files (x86)/embitz/1.11/share/em_armgcc/bin/../lib/gcc/arm-none-eabi/5.4.1/../../../../arm-none-eabi/lib/armv7-m\libg_n.a(lib_a-init.o)
 .debug_frame   0x00000928       0x20 c:/program files (x86)/embitz/1.11/share/em_armgcc/bin/../lib/gcc/arm-none-eabi/5.4.1/../../../../arm-none-eabi/lib/armv7-m\libg_n.a(lib_a-memset.o)
 .debug_frame   0x00000948      0x11c c:/program files (x86)/embitz/1.11/share/em_armgcc/bin/../lib/gcc/arm-none-eabi/5.4.1/../../../../arm-none-eabi/lib/armv7-m\libg_n.a(lib_a-findfp.o)
 .debug_frame   0x00000a64       0x20 c:/program files (x86)/embitz/1.11/share/em_armgcc/bin/../lib/gcc/arm-none-eabi/5.4.1/../../../../arm-none-eabi/lib/armv7-m\libnosys_s.a(_exit.o)

.stabstr        0x00000000      0x117
 .stabstr       0x00000000      0x117 c:/program files (x86)/embitz/1.11/share/em_armgcc/bin/../lib/gcc/arm-none-eabi/5.4.1/../../../../arm-none-eabi/lib/armv7-m\libnosys_s.a(close.o)
