Archive member included to satisfy reference by file (symbol)

c:/program files (x86)/embitz/1.11/share/em_armgcc/bin/../lib/gcc/arm-none-eabi/5.4.1/armv7-m\libgcc.a(_arm_addsubdf3.o)
                              obj\release\inc\core\core.o (__aeabi_dadd)
c:/program files (x86)/embitz/1.11/share/em_armgcc/bin/../lib/gcc/arm-none-eabi/5.4.1/armv7-m\libgcc.a(_arm_muldivdf3.o)
                              obj\release\inc\core\core.o (__aeabi_ddiv)
c:/program files (x86)/embitz/1.11/share/em_armgcc/bin/../lib/gcc/arm-none-eabi/5.4.1/armv7-m\libgcc.a(_arm_fixunsdfsi.o)
                              obj\release\inc\core\core.o (__aeabi_d2uiz)
c:/program files (x86)/embitz/1.11/share/em_armgcc/bin/../lib/gcc/arm-none-eabi/5.4.1/armv7-m\libgcc.a(_aeabi_ldivmod.o)
                              obj\release\~#\~#\~#\stm32\stm32\library\adc\adc.o (__aeabi_ldivmod)
c:/program files (x86)/embitz/1.11/share/em_armgcc/bin/../lib/gcc/arm-none-eabi/5.4.1/armv7-m\libgcc.a(_aeabi_uldivmod.o)
                              obj\release\inc\core\core.o (__aeabi_uldivmod)
c:/program files (x86)/embitz/1.11/share/em_armgcc/bin/../lib/gcc/arm-none-eabi/5.4.1/armv7-m\libgcc.a(_udivmoddi4.o)
                              c:/program files (x86)/embitz/1.11/share/em_armgcc/bin/../lib/gcc/arm-none-eabi/5.4.1/armv7-m\libgcc.a(_aeabi_ldivmod.o) (__udivmoddi4)
c:/program files (x86)/embitz/1.11/share/em_armgcc/bin/../lib/gcc/arm-none-eabi/5.4.1/armv7-m\libgcc.a(unwind-arm.o)
                              obj\release\src\main.o (__aeabi_unwind_cpp_pr0)
c:/program files (x86)/embitz/1.11/share/em_armgcc/bin/../lib/gcc/arm-none-eabi/5.4.1/armv7-m\libgcc.a(libunwind.o)
                              c:/program files (x86)/embitz/1.11/share/em_armgcc/bin/../lib/gcc/arm-none-eabi/5.4.1/armv7-m\libgcc.a(unwind-arm.o) (restore_core_regs)
c:/program files (x86)/embitz/1.11/share/em_armgcc/bin/../lib/gcc/arm-none-eabi/5.4.1/armv7-m\libgcc.a(pr-support.o)
                              c:/program files (x86)/embitz/1.11/share/em_armgcc/bin/../lib/gcc/arm-none-eabi/5.4.1/armv7-m\libgcc.a(unwind-arm.o) (__gnu_unwind_execute)
c:/program files (x86)/embitz/1.11/share/em_armgcc/bin/../lib/gcc/arm-none-eabi/5.4.1/armv7-m\libgcc.a(_dvmd_tls.o)
                              c:/program files (x86)/embitz/1.11/share/em_armgcc/bin/../lib/gcc/arm-none-eabi/5.4.1/armv7-m\libgcc.a(_aeabi_ldivmod.o) (__aeabi_ldiv0)
c:/program files (x86)/embitz/1.11/share/em_armgcc/bin/../lib/gcc/arm-none-eabi/5.4.1/../../../../arm-none-eabi/lib/armv7-m\libg_n.a(lib_a-abort.o)
                              c:/program files (x86)/embitz/1.11/share/em_armgcc/bin/../lib/gcc/arm-none-eabi/5.4.1/armv7-m\libgcc.a(unwind-arm.o) (abort)
c:/program files (x86)/embitz/1.11/share/em_armgcc/bin/../lib/gcc/arm-none-eabi/5.4.1/../../../../arm-none-eabi/lib/armv7-m\libg_n.a(lib_a-exit.o)
                              c:/program files (x86)/embitz/1.11/share/em_armgcc/bin/../lib/gcc/arm-none-eabi/5.4.1/../../../../arm-none-eabi/lib/armv7-m/crt0.o (exit)
c:/program files (x86)/embitz/1.11/share/em_armgcc/bin/../lib/gcc/arm-none-eabi/5.4.1/../../../../arm-none-eabi/lib/armv7-m\libg_n.a(lib_a-impure.o)
                              c:/program files (x86)/embitz/1.11/share/em_armgcc/bin/../lib/gcc/arm-none-eabi/5.4.1/../../../../arm-none-eabi/lib/armv7-m\libg_n.a(lib_a-exit.o) (_global_impure_ptr)
c:/program files (x86)/embitz/1.11/share/em_armgcc/bin/../lib/gcc/arm-none-eabi/5.4.1/../../../../arm-none-eabi/lib/armv7-m\libg_n.a(lib_a-init.o)
                              c:/program files (x86)/embitz/1.11/share/em_armgcc/bin/../lib/gcc/arm-none-eabi/5.4.1/../../../../arm-none-eabi/lib/armv7-m/crt0.o (__libc_init_array)
c:/program files (x86)/embitz/1.11/share/em_armgcc/bin/../lib/gcc/arm-none-eabi/5.4.1/../../../../arm-none-eabi/lib/armv7-m\libg_n.a(lib_a-memcpy-stub.o)
                              c:/program files (x86)/embitz/1.11/share/em_armgcc/bin/../lib/gcc/arm-none-eabi/5.4.1/armv7-m\libgcc.a(unwind-arm.o) (memcpy)
c:/program files (x86)/embitz/1.11/share/em_armgcc/bin/../lib/gcc/arm-none-eabi/5.4.1/../../../../arm-none-eabi/lib/armv7-m\libg_n.a(lib_a-memset.o)
                              c:/program files (x86)/embitz/1.11/share/em_armgcc/bin/../lib/gcc/arm-none-eabi/5.4.1/../../../../arm-none-eabi/lib/armv7-m/crt0.o (memset)
c:/program files (x86)/embitz/1.11/share/em_armgcc/bin/../lib/gcc/arm-none-eabi/5.4.1/../../../../arm-none-eabi/lib/armv7-m\libg_n.a(lib_a-printf.o)
                              obj\release\inc\core\core.o (printf)
c:/program files (x86)/embitz/1.11/share/em_armgcc/bin/../lib/gcc/arm-none-eabi/5.4.1/../../../../arm-none-eabi/lib/armv7-m\libg_n.a(lib_a-putchar.o)
                              obj\release\inc\core\core.o (putchar)
c:/program files (x86)/embitz/1.11/share/em_armgcc/bin/../lib/gcc/arm-none-eabi/5.4.1/../../../../arm-none-eabi/lib/armv7-m\libg_n.a(lib_a-signal.o)
[...]
Memory Configuration

Name             Origin             Length             Attributes
ROM              0x08000000         0x00010000         xr
RAM              0x20000000         0x00005000         xrw
*default*        0x00000000         0xffffffff

Linker script and memory map

LOAD c:/program files (x86)/embitz/1.11/share/em_armgcc/bin/../lib/gcc/arm-none-eabi/5.4.1/armv7-m/crti.o
LOAD c:/program files (x86)/embitz/1.11/share/em_armgcc/bin/../lib/gcc/arm-none-eabi/5.4.1/armv7-m/crtbegin.o
LOAD c:/program files (x86)/embitz/1.11/share/em_armgcc/bin/../lib/gcc/arm-none-eabi/5.4.1/../../../../arm-none-eabi/lib/armv7-m/crt0.o
                0x00000000                __HEAP_SIZE = 0x0
                0x00000100                __STACK_SIZE = 0x100

.text           0x08000000     0x3238
 *(.isr_vector)
 .isr_vector    0x08000000       0xec obj\release\src\startup_stm32f10x_md.o
                0x08000000                __isr_vector
 *(.text*)
 .text          0x080000ec       0x5c c:/program files (x86)/embitz/1.11/share/em_armgcc/bin/../lib/gcc/arm-none-eabi/5.4.1/armv7-m/crtbegin.o
 .text          0x08000148       0x74 c:/program files (x86)/embitz/1.11/share/em_armgcc/bin/../lib/gcc/arm-none-eabi/5.4.1/../../../../arm-none-eabi/lib/armv7-m/crt0.o
                0x08000148                _start
                0x08000148                _mainCRTStartup
 .text.ADC1_begin
                0x080001bc       0x78 obj\release\~#\~#\~#\stm32\stm32\library\adc\adc.o
                0x080001bc                ADC1_begin
 .text.Core_begin
                0x08000234       0x60 obj\release\inc\core\core.o
                0x08000234                Core_begin
 .text.Core_PrintInfo
                0x08000294       0xd4 obj\release\inc\core\core.o
                0x08000294                Core_PrintInfo
 .text._write   0x08000368       0xb4 obj\release\inc\core\core.o
                0x08000368                _write
 *fill*         0x0800041c        0x4 
 .text.USART1_begin_A9A10
                0x08000420       0xdc obj\release\inc\core\core.o
                0x08000420                USART1_begin_A9A10
 .text.ADC_DeInit
                0x080004fc       0x6c obj\release\spl\src\stm32f10x_adc.o
                0x080004fc                ADC_DeInit
 .text.GPIO_Init
                0x08000568       0xcc obj\release\spl\src\stm32f10x_gpio.o
                0x08000568                GPIO_Init
 .text.RCC_ADCCLKConfig
                0x08000634       0x14 obj\release\spl\src\stm32f10x_rcc.o
                0x08000634                RCC_ADCCLKConfig
 .text.RCC_GetClocksFreq
                0x08000648       0x9c obj\release\spl\src\stm32f10x_rcc.o
                0x08000648                RCC_GetClocksFreq
 .text.RCC_APB2PeriphClockCmd
                0x080006e4       0x1c obj\release\spl\src\stm32f10x_rcc.o
                0x080006e4                RCC_APB2PeriphClockCmd
 .text.RCC_APB2PeriphResetCmd
                0x08000700       0x1c obj\release\spl\src\stm32f10x_rcc.o
                0x08000700                RCC_APB2PeriphResetCmd
 .text._Z11config_gpiov
                0x0800071c       0x2c obj\release\src\main.o
                0x0800071c                config_gpio()
 .text._Z10config_ADCv
                0x08000748       0x2c obj\release\src\main.o
                0x08000748                config_ADC()
 .text.startup.main
                0x08000774       0x20 obj\release\src\main.o
                0x08000774                main
 .text          0x08000794       0xb8 obj\release\src\startup_stm32f10x_md.o
                0x08000794                Reset_Handler
                0x080007da                NMI_Handler
                0x080007dc                HardFault_Handler
                0x080007de                MemManage_Handler
                0x080007e0                BusFault_Handler
                0x080007e2                UsageFault_Handler
                0x080007e4                SVC_Handler
                0x080007e6                DebugMon_Handler
                0x080007e8                PendSV_Handler
                0x080007ea                SysTick_Handler
                0x080007ec                Default_Handler
                0x080007ee                WWDG_IRQHandler
                0x080007f0                PVD_IRQHandler
                0x080007f2                TAMPER_IRQHandler
                0x080007f4                RTC_IRQHandler
                0x080007f6                FLASH_IRQHandler
                0x080007f8                RCC_IRQHandler
                0x080007fa                EXTI0_IRQHandler
                0x080007fc                EXTI1_IRQHandler
                0x080007fe                EXTI2_IRQHandler
                0x08000800                EXTI3_IRQHandler
                0x08000802                EXTI4_IRQHandler
                0x08000804                DMA1_Channel1_IRQHandler
                0x08000806                DMA1_Channel2_IRQHandler
                0x08000808                DMA1_Channel3_IRQHandler
                0x0800080a                DMA1_Channel4_IRQHandler
                0x0800080c                DMA1_Channel5_IRQHandler
                0x0800080e                DMA1_Channel6_IRQHandler
                0x08000810                DMA1_Channel7_IRQHandler
                0x08000812                ADC1_2_IRQHandler
                0x08000814                USB_HP_CAN1_TX_IRQHandler
                0x08000816                USB_LP_CAN1_RX0_IRQHandler
                0x08000818                CAN1_RX1_IRQHandler
                0x0800081a                CAN1_SCE_IRQHandler
                0x0800081c                EXTI9_5_IRQHandler
                0x0800081e                TIM1_BRK_IRQHandler
                0x08000820                TIM1_UP_IRQHandler
                0x08000822                TIM1_TRG_COM_IRQHandler
                0x08000824                TIM1_CC_IRQHandler
                0x08000826                TIM2_IRQHandler
                0x08000828                TIM3_IRQHandler
                0x0800082a                TIM4_IRQHandler
                0x0800082c                I2C1_EV_IRQHandler
                0x0800082e                I2C1_ER_IRQHandler
                0x08000830                I2C2_EV_IRQHandler
                0x08000832                I2C2_ER_IRQHandler
                0x08000834                SPI1_IRQHandler
                0x08000836                SPI2_IRQHandler
                0x08000838                USART1_IRQHandler
                0x0800083a                USART2_IRQHandler
                0x0800083c                USART3_IRQHandler
                0x0800083e                EXTI15_10_IRQHandler
                0x08000840                RTCAlarm_IRQHandler
                0x08000842                USBWakeUp_IRQHandler
 .text.SystemInit
                0x0800084c      0x104 obj\release\src\system_stm32f10x.o
                0x0800084c                SystemInit
 .text          0x08000950      0x370 c:/program files (x86)/embitz/1.11/share/em_armgcc/bin/../lib/gcc/arm-none-eabi/5.4.1/armv7-m\libgcc.a(_arm_addsubdf3.o)
                0x08000950                __aeabi_drsub
                0x08000958                __aeabi_dsub
                0x08000958                __subdf3
                0x0800095c                __aeabi_dadd
                0x0800095c                __adddf3
                0x08000bd4                __floatunsidf
                0x08000bd4                __aeabi_ui2d
                0x08000bf4                __floatsidf
                0x08000bf4                __aeabi_i2d
                0x08000c18                __aeabi_f2d
                0x08000c18                __extendsfdf2
                0x08000c54                __floatundidf
                0x08000c54                __aeabi_ul2d
                0x08000c64                __floatdidf
                0x08000c64                __aeabi_l2d
 .text          0x08000cc0      0x424 c:/program files (x86)/embitz/1.11/share/em_armgcc/bin/../lib/gcc/arm-none-eabi/5.4.1/armv7-m\libgcc.a(_arm_muldivdf3.o)
                0x08000cc0                __aeabi_dmul
                0x08000cc0                __muldf3
                0x08000f14                __divdf3
                0x08000f14                __aeabi_ddiv
 .text          0x080010e4       0x40 c:/program files (x86)/embitz/1.11/share/em_armgcc/bin/../lib/gcc/arm-none-eabi/5.4.1/armv7-m\libgcc.a(_arm_fixunsdfsi.o)
                0x080010e4                __aeabi_d2uiz
                0x080010e4                __fixunsdfsi
 .text          0x08001124      0x9e4 c:/program files (x86)/embitz/1.11/share/em_armgcc/bin/../lib/gcc/arm-none-eabi/5.4.1/armv7-m\libgcc.a(unwind-arm.o)
                0x080013e4                _Unwind_GetCFA
                0x080013e8                __gnu_Unwind_RaiseException
                0x08001448                __gnu_Unwind_ForcedUnwind
                0x0800145c                __gnu_Unwind_Resume
                0x080014a0                __gnu_Unwind_Resume_or_Rethrow
                0x080014b4                _Unwind_Complete
                0x080014b8                _Unwind_DeleteException
                0x080014c4                _Unwind_VRS_Get
                0x08001510                _Unwind_VRS_Set
                0x08001560                __gnu_Unwind_Backtrace
                0x080018ac                __aeabi_unwind_cpp_pr0
                0x080018b0                __aeabi_unwind_cpp_pr1
                0x080018b4                __aeabi_unwind_cpp_pr2
                0x080018b8                _Unwind_VRS_Pop
 .text          0x08001b08      0x1ac c:/program files (x86)/embitz/1.11/share/em_armgcc/bin/../lib/gcc/arm-none-eabi/5.4.1/armv7-m\libgcc.a(libunwind.o)
                0x08001b08                __restore_core_regs
                0x08001b08                restore_core_regs
                0x08001b20                __gnu_Unwind_Restore_VFP
                0x08001b28                __gnu_Unwind_Save_VFP
                0x08001b30                __gnu_Unwind_Restore_VFP_D
                0x08001b38                __gnu_Unwind_Save_VFP_D
                0x08001b40                __gnu_Unwind_Restore_VFP_D_16_to_31
                0x08001b48                __gnu_Unwind_Save_VFP_D_16_to_31
                0x08001b50                __gnu_Unwind_Restore_WMMXD
                0x08001b94                __gnu_Unwind_Save_WMMXD
                0x08001bd8                __gnu_Unwind_Restore_WMMXC
                0x08001bec                __gnu_Unwind_Save_WMMXC
                0x08001c00                ___Unwind_RaiseException
                0x08001c00                _Unwind_RaiseException
                0x08001c24                _Unwind_Resume
                0x08001c24                ___Unwind_Resume
                0x08001c48                _Unwind_Resume_or_Rethrow
                0x08001c48                ___Unwind_Resume_or_Rethrow
                0x08001c6c                _Unwind_ForcedUnwind
                0x08001c6c                ___Unwind_ForcedUnwind
                0x08001c90                ___Unwind_Backtrace
                0x08001c90                _Unwind_Backtrace
 .text          0x08001cb4      0x354 c:/program files (x86)/embitz/1.11/share/em_armgcc/bin/../lib/gcc/arm-none-eabi/5.4.1/armv7-m\libgcc.a(pr-support.o)
                0x08001d0c                __gnu_unwind_execute
                0x08001fb0                __gnu_unwind_frame
                0x08001fd8                _Unwind_GetRegionStart
                0x08001fe4                _Unwind_GetLanguageSpecificData
                0x08001ff8                _Unwind_GetTextRelBase
                0x08002000                _Unwind_GetDataRelBase
 .text.abort    0x08002008        0xe c:/program files (x86)/embitz/1.11/share/em_armgcc/bin/../lib/gcc/arm-none-eabi/5.4.1/../../../../arm-none-eabi/lib/armv7-m\libg_n.a(lib_a-abort.o)
                0x08002008                abort
 *fill*         0x08002016        0x2 
 .text.exit     0x08002018       0x28 c:/program files (x86)/embitz/1.11/share/em_armgcc/bin/../lib/gcc/arm-none-eabi/5.4.1/../../../../arm-none-eabi/lib/armv7-m\libg_n.a(lib_a-exit.o)
                0x08002018                exit
 .text.__libc_init_array
                0x08002040       0x4c c:/program files (x86)/embitz/1.11/share/em_armgcc/bin/../lib/gcc/arm-none-eabi/5.4.1/../../../../arm-none-eabi/lib/armv7-m\libg_n.a(lib_a-init.o)
                0x08002040                __libc_init_array
 .text.memcpy   0x0800208c       0x16 c:/program files (x86)/embitz/1.11/share/em_armgcc/bin/../lib/gcc/arm-none-eabi/5.4.1/../../../../arm-none-eabi/lib/armv7-m\libg_n.a(lib_a-memcpy-stub.o)
                0x0800208c                memcpy
 .text.memset   0x080020a2       0x10 c:/program files (x86)/embitz/1.11/share/em_armgcc/bin/../lib/gcc/arm-none-eabi/5.4.1/../../../../arm-none-eabi/lib/armv7-m\libg_n.a(lib_a-memset.o)
                0x080020a2                memset
 *fill*         0x080020b2        0x2 
 .text.printf   0x080020b4       0x30 c:/program files (x86)/embitz/1.11/share/em_armgcc/bin/../lib/gcc/arm-none-eabi/5.4.1/../../../../arm-none-eabi/lib/armv7-m\libg_n.a(lib_a-printf.o)
                0x080020b4                iprintf
                0x080020b4                printf
 .text.putchar  0x080020e4       0x28 c:/program files (x86)/embitz/1.11/share/em_armgcc/bin/../lib/gcc/arm-none-eabi/5.4.1/../../../../arm-none-eabi/lib/armv7-m\libg_n.a(lib_a-putchar.o)
                0x080020e4                putchar
 .text._raise_r
                0x0800210c       0x54 c:/program files (x86)/embitz/1.11/share/em_armgcc/bin/../lib/gcc/arm-none-eabi/5.4.1/../../../../arm-none-eabi/lib/armv7-m\libg_n.a(lib_a-signal.o)
                0x0800210c                _raise_r
 .text.raise    0x08002160       0x10 c:/program files (x86)/embitz/1.11/share/em_armgcc/bin/../lib/gcc/arm-none-eabi/5.4.1/../../../../arm-none-eabi/lib/armv7-m\libg_n.a(lib_a-signal.o)
                0x08002160                raise
 .text._kill_r  0x08002170       0x24 c:/program files (x86)/embitz/1.11/share/em_armgcc/bin/../lib/gcc/arm-none-eabi/5.4.1/../../../../arm-none-eabi/lib/armv7-m\libg_n.a(lib_a-signalr.o)
                0x08002170                _kill_r
 .text._getpid_r
                0x08002194        0x4 c:/program files (x86)/embitz/1.11/share/em_armgcc/bin/../lib/gcc/arm-none-eabi/5.4.1/../../../../arm-none-eabi/lib/armv7-m\libg_n.a(lib_a-signalr.o)
                0x08002194                _getpid_r
 .text._cleanup_r
                0x08002198        0xc c:/program files (x86)/embitz/1.11/share/em_armgcc/bin/../lib/gcc/arm-none-eabi/5.4.1/../../../../arm-none-eabi/lib/armv7-m\libg_n.a(lib_a-findfp.o)
                0x08002198                _cleanup_r
 .text.std.isra.0
                0x080021a4       0x48 c:/program files (x86)/embitz/1.11/share/em_armgcc/bin/../lib/gcc/arm-none-eabi/5.4.1/../../../../arm-none-eabi/lib/armv7-m\libg_n.a(lib_a-findfp.o)
 .text.__sfmoreglue
                0x080021ec       0x2c c:/program files (x86)/embitz/1.11/share/em_armgcc/bin/../lib/gcc/arm-none-eabi/5.4.1/../../../../arm-none-eabi/lib/armv7-m\libg_n.a(lib_a-findfp.o)
                0x080021ec                __sfmoreglue
 .text.__sinit  0x08002218       0x60 c:/program files (x86)/embitz/1.11/share/em_armgcc/bin/../lib/gcc/arm-none-eabi/5.4.1/../../../../arm-none-eabi/lib/armv7-m\libg_n.a(lib_a-findfp.o)
                0x08002218                __sinit
 .text.__sfp    0x08002278       0x78 c:/program files (x86)/embitz/1.11/share/em_armgcc/bin/../lib/gcc/arm-none-eabi/5.4.1/../../../../arm-none-eabi/lib/armv7-m\libg_n.a(lib_a-findfp.o)
                0x08002278                __sfp
 .text._fwalk_reent
                0x080022f0       0x3c c:/program files (x86)/embitz/1.11/share/em_armgcc/bin/../lib/gcc/arm-none-eabi/5.4.1/../../../../arm-none-eabi/lib/armv7-m\libg_n.a(lib_a-fwalk.o)
                0x080022f0                _fwalk_reent
 .text._malloc_r
                0x0800232c       0xbc c:/program files (x86)/embitz/1.11/share/em_armgcc/bin/../lib/gcc/arm-none-eabi/5.4.1/../../../../arm-none-eabi/lib/armv7-m\libg_n.a(lib_a-nano-mallocr.o)
                0x0800232c                _malloc_r
 .text.__sfputc_r
                0x080023e8       0x2c c:/program files (x86)/embitz/1.11/share/em_armgcc/bin/../lib/gcc/arm-none-eabi/5.4.1/../../../../arm-none-eabi/lib/armv7-m\libg_n.a(lib_a-nano-vfprintf.o)
 .text.__sfputs_r
                0x08002414       0x24 c:/program files (x86)/embitz/1.11/share/em_armgcc/bin/../lib/gcc/arm-none-eabi/5.4.1/../../../../arm-none-eabi/lib/armv7-m\libg_n.a(lib_a-nano-vfprintf.o)
                0x08002414                __sfputs_r
 .text._vfprintf_r
                0x08002438      0x238 c:/program files (x86)/embitz/1.11/share/em_armgcc/bin/../lib/gcc/arm-none-eabi/5.4.1/../../../../arm-none-eabi/lib/armv7-m\libg_n.a(lib_a-nano-vfprintf.o)
                0x08002438                _vfprintf_r
                0x08002438                _vfiprintf_r
 .text._printf_common
                0x08002670       0xec c:/program files (x86)/embitz/1.11/share/em_armgcc/bin/../lib/gcc/arm-none-eabi/5.4.1/../../../../arm-none-eabi/lib/armv7-m\libg_n.a(lib_a-nano-vfprintf_i.o)
                0x08002670                _printf_common
 .text._printf_i
                0x0800275c      0x24c c:/program files (x86)/embitz/1.11/share/em_armgcc/bin/../lib/gcc/arm-none-eabi/5.4.1/../../../../arm-none-eabi/lib/armv7-m\libg_n.a(lib_a-nano-vfprintf_i.o)
                0x0800275c                _printf_i
 .text._putc_r  0x080029a8       0x6c c:/program files (x86)/embitz/1.11/share/em_armgcc/bin/../lib/gcc/arm-none-eabi/5.4.1/../../../../arm-none-eabi/lib/armv7-m\libg_n.a(lib_a-putc.o)
                0x080029a8                _putc_r
 .text._sbrk_r  0x08002a14       0x20 c:/program files (x86)/embitz/1.11/share/em_armgcc/bin/../lib/gcc/arm-none-eabi/5.4.1/../../../../arm-none-eabi/lib/armv7-m\libg_n.a(lib_a-sbrkr.o)
                0x08002a14                _sbrk_r
 .text.__sread  0x08002a34       0x22 c:/program files (x86)/embitz/1.11/share/em_armgcc/bin/../lib/gcc/arm-none-eabi/5.4.1/../../../../arm-none-eabi/lib/armv7-m\libg_n.a(lib_a-stdio.o)
                0x08002a34                __sread
 .text.__swrite
                0x08002a56       0x38 c:/program files (x86)/embitz/1.11/share/em_armgcc/bin/../lib/gcc/arm-none-eabi/5.4.1/../../../../arm-none-eabi/lib/armv7-m\libg_n.a(lib_a-stdio.o)
                0x08002a56                __swrite
 .text.__sseek  0x08002a8e       0x24 c:/program files (x86)/embitz/1.11/share/em_armgcc/bin/../lib/gcc/arm-none-eabi/5.4.1/../../../../arm-none-eabi/lib/armv7-m\libg_n.a(lib_a-stdio.o)
                0x08002a8e                __sseek
 .text.__sclose
                0x08002ab2        0x8 c:/program files (x86)/embitz/1.11/share/em_armgcc/bin/../lib/gcc/arm-none-eabi/5.4.1/../../../../arm-none-eabi/lib/armv7-m\libg_n.a(lib_a-stdio.o)
                0x08002ab2                __sclose
 *fill*         0x08002aba        0x2 
 .text.__swbuf_r
                0x08002abc       0xa8 c:/program files (x86)/embitz/1.11/share/em_armgcc/bin/../lib/gcc/arm-none-eabi/5.4.1/../../../../arm-none-eabi/lib/armv7-m\libg_n.a(lib_a-wbuf.o)
                0x08002abc                __swbuf_r
 .text._write_r
                0x08002b64       0x24 c:/program files (x86)/embitz/1.11/share/em_armgcc/bin/../lib/gcc/arm-none-eabi/5.4.1/../../../../arm-none-eabi/lib/armv7-m\libg_n.a(lib_a-writer.o)
                0x08002b64                _write_r
 .text.__swsetup_r
                0x08002b88       0xdc c:/program files (x86)/embitz/1.11/share/em_armgcc/bin/../lib/gcc/arm-none-eabi/5.4.1/../../../../arm-none-eabi/lib/armv7-m\libg_n.a(lib_a-wsetup.o)
                0x08002b88                __swsetup_r
 .text._close_r
                0x08002c64       0x20 c:/program files (x86)/embitz/1.11/share/em_armgcc/bin/../lib/gcc/arm-none-eabi/5.4.1/../../../../arm-none-eabi/lib/armv7-m\libg_n.a(lib_a-closer.o)
                0x08002c64                _close_r
 .text.__sflush_r
                0x08002c84      0x10c c:/program files (x86)/embitz/1.11/share/em_armgcc/bin/../lib/gcc/arm-none-eabi/5.4.1/../../../../arm-none-eabi/lib/armv7-m\libg_n.a(lib_a-fflush.o)
                0x08002c84                __sflush_r
 .text._fflush_r
                0x08002d90       0x54 c:/program files (x86)/embitz/1.11/share/em_armgcc/bin/../lib/gcc/arm-none-eabi/5.4.1/../../../../arm-none-eabi/lib/armv7-m\libg_n.a(lib_a-fflush.o)
                0x08002d90                _fflush_r
 .text._lseek_r
                0x08002de4       0x24 c:/program files (x86)/embitz/1.11/share/em_armgcc/bin/../lib/gcc/arm-none-eabi/5.4.1/../../../../arm-none-eabi/lib/armv7-m\libg_n.a(lib_a-lseekr.o)
                0x08002de4                _lseek_r
 .text.__swhatbuf_r
                0x08002e08       0x46 c:/program files (x86)/embitz/1.11/share/em_armgcc/bin/../lib/gcc/arm-none-eabi/5.4.1/../../../../arm-none-eabi/lib/armv7-m\libg_n.a(lib_a-makebuf.o)
                0x08002e08                __swhatbuf_r
 *fill*         0x08002e4e        0x2 
 .text.__smakebuf_r
                0x08002e50       0x78 c:/program files (x86)/embitz/1.11/share/em_armgcc/bin/../lib/gcc/arm-none-eabi/5.4.1/../../../../arm-none-eabi/lib/armv7-m\libg_n.a(lib_a-makebuf.o)
                0x08002e50                __smakebuf_r
 .text.memchr   0x08002ec8       0x1c c:/program files (x86)/embitz/1.11/share/em_armgcc/bin/../lib/gcc/arm-none-eabi/5.4.1/../../../../arm-none-eabi/lib/armv7-m\libg_n.a(lib_a-memchr-stub.o)
                0x08002ec8                memchr
 .text.__malloc_lock
                0x08002ee4        0x2 c:/program files (x86)/embitz/1.11/share/em_armgcc/bin/../lib/gcc/arm-none-eabi/5.4.1/../../../../arm-none-eabi/lib/armv7-m\libg_n.a(lib_a-mlock.o)
                0x08002ee4                __malloc_lock
 .text.__malloc_unlock
                0x08002ee6        0x2 c:/program files (x86)/embitz/1.11/share/em_armgcc/bin/../lib/gcc/arm-none-eabi/5.4.1/../../../../arm-none-eabi/lib/armv7-m\libg_n.a(lib_a-mlock.o)
                0x08002ee6                __malloc_unlock
 .text._free_r  0x08002ee8       0x98 c:/program files (x86)/embitz/1.11/share/em_armgcc/bin/../lib/gcc/arm-none-eabi/5.4.1/../../../../arm-none-eabi/lib/armv7-m\libg_n.a(lib_a-nano-freer.o)
                0x08002ee8                _free_r
 .text._read_r  0x08002f80       0x24 c:/program files (x86)/embitz/1.11/share/em_armgcc/bin/../lib/gcc/arm-none-eabi/5.4.1/../../../../arm-none-eabi/lib/armv7-m\libg_n.a(lib_a-readr.o)
                0x08002f80                _read_r
 .text._fstat_r
                0x08002fa4       0x24 c:/program files (x86)/embitz/1.11/share/em_armgcc/bin/../lib/gcc/arm-none-eabi/5.4.1/../../../../arm-none-eabi/lib/armv7-m\libg_n.a(lib_a-fstatr.o)
                0x08002fa4                _fstat_r
 .text._isatty_r
                0x08002fc8       0x20 c:/program files (x86)/embitz/1.11/share/em_armgcc/bin/../lib/gcc/arm-none-eabi/5.4.1/../../../../arm-none-eabi/lib/armv7-m\libg_n.a(lib_a-isattyr.o)
                0x08002fc8                _isatty_r
 .text._close   0x08002fe8       0x10 c:/program files (x86)/embitz/1.11/share/em_armgcc/bin/../lib/gcc/arm-none-eabi/5.4.1/../../../../arm-none-eabi/lib/armv7-m\libnosys_s.a(close.o)
                0x08002fe8                _close
 .text._fstat   0x08002ff8       0x10 c:/program files (x86)/embitz/1.11/share/em_armgcc/bin/../lib/gcc/arm-none-eabi/5.4.1/../../../../arm-none-eabi/lib/armv7-m\libnosys_s.a(fstat.o)
                0x08002ff8                _fstat
 .text._getpid  0x08003008       0x10 c:/program files (x86)/embitz/1.11/share/em_armgcc/bin/../lib/gcc/arm-none-eabi/5.4.1/../../../../arm-none-eabi/lib/armv7-m\libnosys_s.a(getpid.o)
                0x08003008                _getpid
 .text._isatty  0x08003018       0x10 c:/program files (x86)/embitz/1.11/share/em_armgcc/bin/../lib/gcc/arm-none-eabi/5.4.1/../../../../arm-none-eabi/lib/armv7-m\libnosys_s.a(isatty.o)
                0x08003018                _isatty
 .text._kill    0x08003028       0x10 c:/program files (x86)/embitz/1.11/share/em_armgcc/bin/../lib/gcc/arm-none-eabi/5.4.1/../../../../arm-none-eabi/lib/armv7-m\libnosys_s.a(kill.o)
                0x08003028                _kill
 .text._lseek   0x08003038       0x10 c:/program files (x86)/embitz/1.11/share/em_armgcc/bin/../lib/gcc/arm-none-eabi/5.4.1/../../../../arm-none-eabi/lib/armv7-m\libnosys_s.a(lseek.o)
                0x08003038                _lseek
 .text._read    0x08003048       0x10 c:/program files (x86)/embitz/1.11/share/em_armgcc/bin/../lib/gcc/arm-none-eabi/5.4.1/../../../../arm-none-eabi/lib/armv7-m\libnosys_s.a(read.o)
                0x08003048                _read
 .text._sbrk    0x08003058       0x1c c:/program files (x86)/embitz/1.11/share/em_armgcc/bin/../lib/gcc/arm-none-eabi/5.4.1/../../../../arm-none-eabi/lib/armv7-m\libnosys_s.a(sbrk.o)
                0x08003058                _sbrk
 .text._exit    0x08003074        0x2 c:/program files (x86)/embitz/1.11/share/em_armgcc/bin/../lib/gcc/arm-none-eabi/5.4.1/../../../../arm-none-eabi/lib/armv7-m\libnosys_s.a(_exit.o)
                0x08003074                _exit
 *(.init)
 *fill*         0x08003076        0x2 
 .init          0x08003078        0x4 c:/program files (x86)/embitz/1.11/share/em_armgcc/bin/../lib/gcc/arm-none-eabi/5.4.1/armv7-m/crti.o
                0x08003078                _init
 .init          0x0800307c        0x8 c:/program files (x86)/embitz/1.11/share/em_armgcc/bin/../lib/gcc/arm-none-eabi/5.4.1/armv7-m/crtn.o
 *(.fini)
 .fini          0x08003084        0x4 c:/program files (x86)/embitz/1.11/share/em_armgcc/bin/../lib/gcc/arm-none-eabi/5.4.1/armv7-m/crti.o
                0x08003084                _fini
 .fini          0x08003088        0x8 c:/program files (x86)/embitz/1.11/share/em_armgcc/bin/../lib/gcc/arm-none-eabi/5.4.1/armv7-m/crtn.o
 *crtbegin.o(.ctors)
 *crtbegin?.o(.ctors)
 *(EXCLUDE_FILE(*crtend.o *crtend?.o) .ctors)
 *(SORT(.ctors.*))
 *(.ctors)
 *crtbegin.o(.dtors)
 *crtbegin?.o(.dtors)
 *(EXCLUDE_FILE(*crtend.o *crtend?.o) .dtors)
 *(SORT(.dtors.*))
 *(.dtors)
 *(.rodata*)
 .rodata.str1.4
                0x08003090      0x108 obj\release\inc\core\core.o
 .rodata.str1.1
                0x08003198        0x2 c:/program files (x86)/embitz/1.11/share/em_armgcc/bin/../lib/gcc/arm-none-eabi/5.4.1/../../../../arm-none-eabi/lib/armv7-m\libg_n.a(lib_a-impure.o)
 *fill*         0x0800319a        0x2 
 .rodata._global_impure_ptr
                0x0800319c        0x4 c:/program files (x86)/embitz/1.11/share/em_armgcc/bin/../lib/gcc/arm-none-eabi/5.4.1/../../../../arm-none-eabi/lib/armv7-m\libg_n.a(lib_a-impure.o)
                0x0800319c                _global_impure_ptr
 .rodata.__sf_fake_stdin
                0x080031a0       0x20 c:/program files (x86)/embitz/1.11/share/em_armgcc/bin/../lib/gcc/arm-none-eabi/5.4.1/../../../../arm-none-eabi/lib/armv7-m\libg_n.a(lib_a-findfp.o)
                0x080031a0                __sf_fake_stdin
 .rodata.__sf_fake_stdout
                0x080031c0       0x20 c:/program files (x86)/embitz/1.11/share/em_armgcc/bin/../lib/gcc/arm-none-eabi/5.4.1/../../../../arm-none-eabi/lib/armv7-m\libg_n.a(lib_a-findfp.o)
                0x080031c0                __sf_fake_stdout
 .rodata.__sf_fake_stderr
                0x080031e0       0x20 c:/program files (x86)/embitz/1.11/share/em_armgcc/bin/../lib/gcc/arm-none-eabi/5.4.1/../../../../arm-none-eabi/lib/armv7-m\libg_n.a(lib_a-findfp.o)
                0x080031e0                __sf_fake_stderr
 .rodata.str1.1
                0x08003200       0x11 c:/program files (x86)/embitz/1.11/share/em_armgcc/bin/../lib/gcc/arm-none-eabi/5.4.1/../../../../arm-none-eabi/lib/armv7-m\libg_n.a(lib_a-nano-vfprintf.o)
 .rodata.str1.1
                0x08003211       0x22 c:/program files (x86)/embitz/1.11/share/em_armgcc/bin/../lib/gcc/arm-none-eabi/5.4.1/../../../../arm-none-eabi/lib/armv7-m\libg_n.a(lib_a-nano-vfprintf_i.o)
 *(.eh_frame*)
 *fill*         0x08003233        0x1 
 .eh_frame      0x08003234        0x0 c:/program files (x86)/embitz/1.11/share/em_armgcc/bin/../lib/gcc/arm-none-eabi/5.4.1/armv7-m/crtbegin.o
 .eh_frame      0x08003234        0x4 c:/program files (x86)/embitz/1.11/share/em_armgcc/bin/../lib/gcc/arm-none-eabi/5.4.1/armv7-m/crtend.o

.glue_7         0x08003238        0x0
 .glue_7        0x08003238        0x0 linker stubs

.glue_7t        0x08003238        0x0
 .glue_7t       0x08003238        0x0 linker stubs

.vfp11_veneer   0x08003238        0x0
 .vfp11_veneer  0x08003238        0x0 linker stubs

.v4_bx          0x08003238        0x0
 .v4_bx         0x08003238        0x0 linker stubs

.iplt           0x08003238        0x0
 .iplt          0x08003238        0x0 c:/program files (x86)/embitz/1.11/share/em_armgcc/bin/../lib/gcc/arm-none-eabi/5.4.1/armv7-m/crtbegin.o

.ARM.extab      0x08003238       0x24
 *(.ARM.extab* .gnu.linkonce.armextab.*)
 .ARM.extab.text.startup.main
                0x08003238        0xc obj\release\src\main.o
 .ARM.extab     0x08003244       0x18 c:/program files (x86)/embitz/1.11/share/em_armgcc/bin/../lib/gcc/arm-none-eabi/5.4.1/armv7-m\libgcc.a(pr-support.o)
                0x0800325c                __exidx_start = .

.ARM.exidx      0x0800325c       0xd8
 *(.ARM.exidx* .gnu.linkonce.armexidx.*)
 .ARM.exidx     0x0800325c        0x8 c:/program files (x86)/embitz/1.11/share/em_armgcc/bin/../lib/gcc/arm-none-eabi/5.4.1/../../../../arm-none-eabi/lib/armv7-m/crt0.o
 .ARM.exidx.text._Z11config_gpiov
                0x08003264        0x8 obj\release\src\main.o
 .ARM.exidx.text._Z10config_ADCv
                0x0800326c        0x8 obj\release\src\main.o
 .ARM.exidx.text.startup.main
                0x08003274       0x10 obj\release\src\main.o
                                  0x8 (size before relaxing)
 .ARM.exidx     0x08003284       0x78 c:/program files (x86)/embitz/1.11/share/em_armgcc/bin/../lib/gcc/arm-none-eabi/5.4.1/armv7-m\libgcc.a(unwind-arm.o)
                                 0xd8 (size before relaxing)
 .ARM.exidx     0x080032fc       0x38 c:/program files (x86)/embitz/1.11/share/em_armgcc/bin/../lib/gcc/arm-none-eabi/5.4.1/armv7-m\libgcc.a(pr-support.o)
                                 0x48 (size before relaxing)
                0x08003334                __exidx_end = .
                0x08003334                __etext = .

.rel.dyn        0x08003334        0x0
 .rel.iplt      0x08003334        0x0 c:/program files (x86)/embitz/1.11/share/em_armgcc/bin/../lib/gcc/arm-none-eabi/5.4.1/armv7-m/crtbegin.o

.data           0x20000000       0x80 load address 0x08003334
                0x20000000                __data_start__ = .
 *(vtable)
 *(.data*)
 .data.ADCPrescTable
                0x20000000        0x4 obj\release\spl\src\stm32f10x_rcc.o
 .data.APBAHBPrescTable
                0x20000004       0x10 obj\release\spl\src\stm32f10x_rcc.o
 .data.impure_data
                0x20000014       0x60 c:/program files (x86)/embitz/1.11/share/em_armgcc/bin/../lib/gcc/arm-none-eabi/5.4.1/../../../../arm-none-eabi/lib/armv7-m\libg_n.a(lib_a-impure.o)
 .data._impure_ptr
                0x20000074        0x4 c:/program files (x86)/embitz/1.11/share/em_armgcc/bin/../lib/gcc/arm-none-eabi/5.4.1/../../../../arm-none-eabi/lib/armv7-m\libg_n.a(lib_a-impure.o)
                0x20000074                _impure_ptr
                0x20000078                . = ALIGN (0x4)
                0x20000078                PROVIDE (__preinit_array_start, .)
 *(.preinit_array)
                0x20000078                PROVIDE (__preinit_array_end, .)
                0x20000078                . = ALIGN (0x4)
                0x20000078                PROVIDE (__init_array_start, .)
 *(SORT(.init_array.*))
 *(.init_array)
 .init_array    0x20000078        0x4 c:/program files (x86)/embitz/1.11/share/em_armgcc/bin/../lib/gcc/arm-none-eabi/5.4.1/armv7-m/crtbegin.o
                0x2000007c                PROVIDE (__init_array_end, .)
                0x2000007c                . = ALIGN (0x4)
                [!provide]                PROVIDE (__fini_array_start, .)
 *(SORT(.fini_array.*))
 *(.fini_array)
 .fini_array    0x2000007c        0x4 c:/program files (x86)/embitz/1.11/share/em_armgcc/bin/../lib/gcc/arm-none-eabi/5.4.1/armv7-m/crtbegin.o
                [!provide]                PROVIDE (__fini_array_end, .)
                0x20000080                . = ALIGN (0x4)
                0x20000080                __data_end__ = .

.jcr            0x20000080        0x0 load address 0x080033b4
 .jcr           0x20000080        0x0 c:/program files (x86)/embitz/1.11/share/em_armgcc/bin/../lib/gcc/arm-none-eabi/5.4.1/armv7-m/crtbegin.o

.igot.plt       0x20000080        0x0 load address 0x080033b4
 .igot.plt      0x20000080        0x0 c:/program files (x86)/embitz/1.11/share/em_armgcc/bin/../lib/gcc/arm-none-eabi/5.4.1/armv7-m/crtbegin.o

.bss            0x20000080       0x58 load address 0x080033b4
                0x20000080                __bss_start__ = .
 *(.bss*)
 .bss           0x20000080       0x1c c:/program files (x86)/embitz/1.11/share/em_armgcc/bin/../lib/gcc/arm-none-eabi/5.4.1/armv7-m/crtbegin.o
 .bss.GPIO_Struct
                0x2000009c        0x4 obj\release\src\main.o
                0x2000009c                GPIO_Struct
 .bss.__malloc_sbrk_start
                0x200000a0        0x4 c:/program files (x86)/embitz/1.11/share/em_armgcc/bin/../lib/gcc/arm-none-eabi/5.4.1/../../../../arm-none-eabi/lib/armv7-m\libg_n.a(lib_a-nano-mallocr.o)
                0x200000a0                __malloc_sbrk_start
 .bss.__malloc_free_list
                0x200000a4        0x4 c:/program files (x86)/embitz/1.11/share/em_armgcc/bin/../lib/gcc/arm-none-eabi/5.4.1/../../../../arm-none-eabi/lib/armv7-m\libg_n.a(lib_a-nano-mallocr.o)
                0x200000a4                __malloc_free_list
 .bss.heap_end.4167
                0x200000a8        0x4 c:/program files (x86)/embitz/1.11/share/em_armgcc/bin/../lib/gcc/arm-none-eabi/5.4.1/../../../../arm-none-eabi/lib/armv7-m\libnosys_s.a(sbrk.o)
 *(COMMON)
 COMMON         0x200000ac       0x28 obj\release\inc\core\core.o
                0x200000ac                reset_flag_status
                0x200000b0                timeout_loop
                0x200000b4                usart1_rx_buff
 COMMON         0x200000d4        0x4 c:/program files (x86)/embitz/1.11/share/em_armgcc/bin/../lib/gcc/arm-none-eabi/5.4.1/../../../../arm-none-eabi/lib/armv7-m\libg_n.a(lib_a-reent.o)
                0x200000d4                errno
                0x200000d8                __bss_end__ = .

.heap           0x200000d8        0x0
                0x200000d8                __end__ = .
                0x200000d8                end = __end__
 *(.heap*)
 .heap          0x200000d8        0x0 obj\release\src\startup_stm32f10x_md.o
                0x200000d8                __HeapLimit = .

.stack_dummy    0x200000d8      0x100
 *(.stack)
 .stack         0x200000d8      0x100 obj\release\src\startup_stm32f10x_md.o
                0x20005000                __StackTop = (ORIGIN (RAM) + LENGTH (RAM))
                0x20004f00                __StackLimit = (__StackTop - SIZEOF (.stack_dummy))
                0x20005000                PROVIDE (__stack, __StackTop)
                0x00000001                ASSERT ((__StackLimit >= __HeapLimit), region RAM overflowed with stack)
LOAD obj\release\~#\~#\~#\stm32\stm32\library\adc\adc.o
LOAD obj\release\inc\core\core.o
LOAD obj\release\spl\src\misc.o
LOAD obj\release\spl\src\stm32f10x_adc.o
LOAD obj\release\spl\src\stm32f10x_bkp.o
LOAD obj\release\spl\src\stm32f10x_can.o
LOAD obj\release\spl\src\stm32f10x_cec.o
LOAD obj\release\spl\src\stm32f10x_crc.o
LOAD obj\release\spl\src\stm32f10x_dac.o
LOAD obj\release\spl\src\stm32f10x_dbgmcu.o
LOAD obj\release\spl\src\stm32f10x_dma.o
LOAD obj\release\spl\src\stm32f10x_exti.o
LOAD obj\release\spl\src\stm32f10x_flash.o
LOAD obj\release\spl\src\stm32f10x_fsmc.o
LOAD obj\release\spl\src\stm32f10x_gpio.o
LOAD obj\release\spl\src\stm32f10x_i2c.o
LOAD obj\release\spl\src\stm32f10x_iwdg.o
LOAD obj\release\spl\src\stm32f10x_pwr.o
LOAD obj\release\spl\src\stm32f10x_rcc.o
LOAD obj\release\spl\src\stm32f10x_rtc.o
LOAD obj\release\spl\src\stm32f10x_sdio.o
LOAD obj\release\spl\src\stm32f10x_spi.o
LOAD obj\release\spl\src\stm32f10x_tim.o
LOAD obj\release\spl\src\stm32f10x_usart.o
LOAD obj\release\spl\src\stm32f10x_wwdg.o
LOAD obj\release\src\main.o
LOAD obj\release\src\main.o
LOAD obj\release\src\startup_stm32f10x_md.o
LOAD obj\release\src\system_stm32f10x.o
START GROUP
LOAD c:/program files (x86)/embitz/1.11/share/em_armgcc/bin/../lib/gcc/arm-none-eabi/5.4.1/armv7-m\libgcc.a
LOAD c:/program files (x86)/embitz/1.11/share/em_armgcc/bin/../lib/gcc/arm-none-eabi/5.4.1/../../../../arm-none-eabi/lib/armv7-m\libg_n.a
LOAD c:/program files (x86)/embitz/1.11/share/em_armgcc/bin/../lib/gcc/arm-none-eabi/5.4.1/../../../../arm-none-eabi/lib/armv7-m\libc_n.a
END GROUP
START GROUP
LOAD c:/program files (x86)/embitz/1.11/share/em_armgcc/bin/../lib/gcc/arm-none-eabi/5.4.1/armv7-m\libgcc.a
LOAD c:/program files (x86)/embitz/1.11/share/em_armgcc/bin/../lib/gcc/arm-none-eabi/5.4.1/../../../../arm-none-eabi/lib/armv7-m\libc_n.a
LOAD c:/program files (x86)/embitz/1.11/share/em_armgcc/bin/../lib/gcc/arm-none-eabi/5.4.1/../../../../arm-none-eabi/lib/armv7-m\libnosys_s.a
END GROUP
LOAD c:/program files (x86)/embitz/1.11/share/em_armgcc/bin/../lib/gcc/arm-none-eabi/5.4.1/armv7-m/crtend.o
LOAD c:/program files (x86)/embitz/1.11/share/em_armgcc/bin/../lib/gcc/arm-none-eabi/5.4.1/armv7-m/crtn.o
OUTPUT(bin\Release\controlSpeedServo.elf elf32-littlearm)

.ARM.attributes
                0x00000000       0x29
 .ARM.attributes
                0x00000000       0x1d c:/program files (x86)/embitz/1.11/share/em_armgcc/bin/../lib/gcc/arm-none-eabi/5.4.1/armv7-m/crti.o
 .ARM.attributes
                0x0000001d       0x2d c:/program files (x86)/embitz/1.11/share/em_armgcc/bin/../lib/gcc/arm-none-eabi/5.4.1/armv7-m/crtbegin.o
 .ARM.attributes
                0x0000004a       0x1b c:/program files (x86)/embitz/1.11/share/em_armgcc/bin/../lib/gcc/arm-none-eabi/5.4.1/../../../../arm-none-eabi/lib/armv7-m/crt0.o
 .ARM.attributes
                0x00000065       0x33 obj\release\~#\~#\~#\stm32\stm32\library\adc\adc.o
 .ARM.attributes
                0x00000098       0x33 obj\release\inc\core\core.o
 .ARM.attributes
                0x000000cb       0x33 obj\release\spl\src\stm32f10x_adc.o
 .ARM.attributes
                0x000000fe       0x33 obj\release\spl\src\stm32f10x_gpio.o
 .ARM.attributes
                0x00000131       0x33 obj\release\spl\src\stm32f10x_rcc.o
 .ARM.attributes
                0x00000164       0x33 obj\release\src\main.o
 .ARM.attributes
                0x00000197       0x1b obj\release\src\startup_stm32f10x_md.o
 .ARM.attributes
                0x000001b2       0x33 obj\release\src\system_stm32f10x.o
 .ARM.attributes
                0x000001e5       0x1d c:/program files (x86)/embitz/1.11/share/em_armgcc/bin/../lib/gcc/arm-none-eabi/5.4.1/armv7-m\libgcc.a(_arm_addsubdf3.o)
 .ARM.attributes
                0x00000202       0x1d c:/program files (x86)/embitz/1.11/share/em_armgcc/bin/../lib/gcc/arm-none-eabi/5.4.1/armv7-m\libgcc.a(_arm_muldivdf3.o)
 .ARM.attributes
                0x0000021f       0x1d c:/program files (x86)/embitz/1.11/share/em_armgcc/bin/../lib/gcc/arm-none-eabi/5.4.1/armv7-m\libgcc.a(_arm_fixunsdfsi.o)
 .ARM.attributes
                0x0000023c       0x2d c:/program files (x86)/embitz/1.11/share/em_armgcc/bin/../lib/gcc/arm-none-eabi/5.4.1/../../../../arm-none-eabi/lib/armv7-m\libg_n.a(lib_a-exit.o)
 .ARM.attributes
                0x00000269       0x2d c:/program files (x86)/embitz/1.11/share/em_armgcc/bin/../lib/gcc/arm-none-eabi/5.4.1/../../../../arm-none-eabi/lib/armv7-m\libg_n.a(lib_a-impure.o)
 .ARM.attributes
                0x00000296       0x2d c:/program files (x86)/embitz/1.11/share/em_armgcc/bin/../lib/gcc/arm-none-eabi/5.4.1/../../../../arm-none-eabi/lib/armv7-m\libg_n.a(lib_a-init.o)
 .ARM.attributes
                0x000002c3       0x2d c:/program files (x86)/embitz/1.11/share/em_armgcc/bin/../lib/gcc/arm-none-eabi/5.4.1/../../../../arm-none-eabi/lib/armv7-m\libg_n.a(lib_a-memset.o)
 .ARM.attributes
                0x000002f0       0x2d c:/program files (x86)/embitz/1.11/share/em_armgcc/bin/../lib/gcc/arm-none-eabi/5.4.1/../../../../arm-none-eabi/lib/armv7-m\libg_n.a(lib_a-printf.o)
 .ARM.attributes
                0x0000031d       0x2d c:/program files (x86)/embitz/1.11/share/em_armgcc/bin/../lib/gcc/arm-none-eabi/5.4.1/../../../../arm-none-eabi/lib/armv7-m\libg_n.a(lib_a-putchar.o)
 .ARM.attributes
                0x0000034a       0x2d c:/program files (x86)/embitz/1.11/share/em_armgcc/bin/../lib/gcc/arm-none-eabi/5.4.1/../../../../arm-none-eabi/lib/armv7-m\libg_n.a(lib_a-findfp.o)
 .ARM.attributes
                0x00000377       0x2d c:/program files (x86)/embitz/1.11/share/em_armgcc/bin/../lib/gcc/arm-none-eabi/5.4.1/../../../../arm-none-eabi/lib/armv7-m\libg_n.a(lib_a-fwalk.o)
 .ARM.attributes
                0x000003a4       0x2d c:/program files (x86)/embitz/1.11/share/em_armgcc/bin/../lib/gcc/arm-none-eabi/5.4.1/../../../../arm-none-eabi/lib/armv7-m\libg_n.a(lib_a-nano-mallocr.o)
 .ARM.attributes
                0x000003d1       0x2d c:/program files (x86)/embitz/1.11/share/em_armgcc/bin/../lib/gcc/arm-none-eabi/5.4.1/../../../../arm-none-eabi/lib/armv7-m\libg_n.a(lib_a-nano-vfprintf.o)
 .ARM.attributes
                0x000003fe       0x2d c:/program files (x86)/embitz/1.11/share/em_armgcc/bin/../lib/gcc/arm-none-eabi/5.4.1/../../../../arm-none-eabi/lib/armv7-m\libg_n.a(lib_a-nano-vfprintf_i.o)
 .ARM.attributes
                0x0000042b       0x2d c:/program files (x86)/embitz/1.11/share/em_armgcc/bin/../lib/gcc/arm-none-eabi/5.4.1/../../../../arm-none-eabi/lib/armv7-m\libg_n.a(lib_a-putc.o)
 .ARM.attributes
                0x00000458       0x2d c:/program files (x86)/embitz/1.11/share/em_armgcc/bin/../lib/gcc/arm-none-eabi/5.4.1/../../../../arm-none-eabi/lib/armv7-m\libg_n.a(lib_a-reent.o)
 .ARM.attributes
                0x00000485       0x2d c:/program files (x86)/embitz/1.11/share/em_armgcc/bin/../lib/gcc/arm-none-eabi/5.4.1/../../../../arm-none-eabi/lib/armv7-m\libg_n.a(lib_a-sbrkr.o)
 .ARM.attributes
                0x000004b2       0x2d c:/program files (x86)/embitz/1.11/share/em_armgcc/bin/../lib/gcc/arm-none-eabi/5.4.1/../../../../arm-none-eabi/lib/armv7-m\libg_n.a(lib_a-stdio.o)
 .ARM.attributes
                0x000004df       0x2d c:/program files (x86)/embitz/1.11/share/em_armgcc/bin/../lib/gcc/arm-none-eabi/5.4.1/../../../../arm-none-eabi/lib/armv7-m\libg_n.a(lib_a-wbuf.o)
 .ARM.attributes
                0x0000050c       0x2d c:/program files (x86)/embitz/1.11/share/em_armgcc/bin/../lib/gcc/arm-none-eabi/5.4.1/../../../../arm-none-eabi/lib/armv7-m\libg_n.a(lib_a-writer.o)
 .ARM.attributes
                0x00000539       0x2d c:/program files (x86)/embitz/1.11/share/em_armgcc/bin/../lib/gcc/arm-none-eabi/5.4.1/../../../../arm-none-eabi/lib/armv7-m\libg_n.a(lib_a-wsetup.o)
 .ARM.attributes
                0x00000566       0x2d c:/program files (x86)/embitz/1.11/share/em_armgcc/bin/../lib/gcc/arm-none-eabi/5.4.1/../../../../arm-none-eabi/lib/armv7-m\libg_n.a(lib_a-closer.o)
 .ARM.attributes
                0x00000593       0x2d c:/program files (x86)/embitz/1.11/share/em_armgcc/bin/../lib/gcc/arm-none-eabi/5.4.1/../../../../arm-none-eabi/lib/armv7-m\libg_n.a(lib_a-fflush.o)
 .ARM.attributes
                0x000005c0       0x2d c:/program files (x86)/embitz/1.11/share/em_armgcc/bin/../lib/gcc/arm-none-eabi/5.4.1/../../../../arm-none-eabi/lib/armv7-m\libg_n.a(lib_a-lseekr.o)
 .ARM.attributes
                0x000005ed       0x2d c:/program files (x86)/embitz/1.11/share/em_armgcc/bin/../lib/gcc/arm-none-eabi/5.4.1/../../../../arm-none-eabi/lib/armv7-m\libg_n.a(lib_a-makebuf.o)
 .ARM.attributes
                0x0000061a       0x2d c:/program files (x86)/embitz/1.11/share/em_armgcc/bin/../lib/gcc/arm-none-eabi/5.4.1/../../../../arm-none-eabi/lib/armv7-m\libg_n.a(lib_a-memchr-stub.o)
 .ARM.attributes
                0x00000647       0x2d c:/program files (x86)/embitz/1.11/share/em_armgcc/bin/../lib/gcc/arm-none-eabi/5.4.1/../../../../arm-none-eabi/lib/armv7-m\libg_n.a(lib_a-mlock.o)
 .ARM.attributes
                0x00000674       0x2d c:/program files (x86)/embitz/1.11/share/em_armgcc/bin/../lib/gcc/arm-none-eabi/5.4.1/../../../../arm-none-eabi/lib/armv7-m\libg_n.a(lib_a-nano-freer.o)
 .ARM.attributes
                0x000006a1       0x2d c:/program files (x86)/embitz/1.11/share/em_armgcc/bin/../lib/gcc/arm-none-eabi/5.4.1/../../../../arm-none-eabi/lib/armv7-m\libg_n.a(lib_a-readr.o)
 .ARM.attributes
                0x000006ce       0x2d c:/program files (x86)/embitz/1.11/share/em_armgcc/bin/../lib/gcc/arm-none-eabi/5.4.1/../../../../arm-none-eabi/lib/armv7-m\libg_n.a(lib_a-fstatr.o)
 .ARM.attributes
                0x000006fb       0x2d c:/program files (x86)/embitz/1.11/share/em_armgcc/bin/../lib/gcc/arm-none-eabi/5.4.1/../../../../arm-none-eabi/lib/armv7-m\libg_n.a(lib_a-isattyr.o)
 .ARM.attributes
                0x00000728       0x2d c:/program files (x86)/embitz/1.11/share/em_armgcc/bin/../lib/gcc/arm-none-eabi/5.4.1/../../../../arm-none-eabi/lib/armv7-m\libnosys_s.a(close.o)
 .ARM.attributes
                0x00000755       0x2d c:/program files (x86)/embitz/1.11/share/em_armgcc/bin/../lib/gcc/arm-none-eabi/5.4.1/../../../../arm-none-eabi/lib/armv7-m\libnosys_s.a(fstat.o)
 .ARM.attributes
                0x00000782       0x2d c:/program files (x86)/embitz/1.11/share/em_armgcc/bin/../lib/gcc/arm-none-eabi/5.4.1/../../../../arm-none-eabi/lib/armv7-m\libnosys_s.a(isatty.o)
 .ARM.attributes
                0x000007af       0x2d c:/program files (x86)/embitz/1.11/share/em_armgcc/bin/../lib/gcc/arm-none-eabi/5.4.1/../../../../arm-none-eabi/lib/armv7-m\libnosys_s.a(lseek.o)
 .ARM.attributes
                0x000007dc       0x2d c:/program files (x86)/embitz/1.11/share/em_armgcc/bin/../lib/gcc/arm-none-eabi/5.4.1/../../../../arm-none-eabi/lib/armv7-m\libnosys_s.a(read.o)
 .ARM.attributes
                0x00000809       0x2d c:/program files (x86)/embitz/1.11/share/em_armgcc/bin/../lib/gcc/arm-none-eabi/5.4.1/../../../../arm-none-eabi/lib/armv7-m\libnosys_s.a(sbrk.o)
 .ARM.attributes
                0x00000836       0x2d c:/program files (x86)/embitz/1.11/share/em_armgcc/bin/../lib/gcc/arm-none-eabi/5.4.1/../../../../arm-none-eabi/lib/armv7-m\libnosys_s.a(_exit.o)
 .ARM.attributes
                0x00000863       0x2d c:/program files (x86)/embitz/1.11/share/em_armgcc/bin/../lib/gcc/arm-none-eabi/5.4.1/armv7-m/crtend.o
 .ARM.attributes
                0x00000890       0x1d c:/program files (x86)/embitz/1.11/share/em_armgcc/bin/../lib/gcc/arm-none-eabi/5.4.1/armv7-m/crtn.o

.comment        0x00000000       0x6e
 .comment       0x00000000       0x6e obj\release\~#\~#\~#\stm32\stm32\library\adc\adc.o
                                 0x6f (size before relaxing)
 .comment       0x0000006e       0x6f obj\release\inc\core\core.o
 .comment       0x0000006e       0x6f obj\release\spl\src\stm32f10x_adc.o
 .comment       0x0000006e       0x6f obj\release\spl\src\stm32f10x_gpio.o
 .comment       0x0000006e       0x6f obj\release\spl\src\stm32f10x_rcc.o
 .comment       0x0000006e       0x6f obj\release\src\main.o
 .comment       0x0000006e       0x6f obj\release\src\system_stm32f10x.o

.debug_info     0x00000000     0x4d43
 .debug_info    0x00000000      0x987 obj\release\~#\~#\~#\stm32\stm32\library\adc\adc.o
 .debug_info    0x00000987     0x1ab3 obj\release\inc\core\core.o
 .debug_info    0x0000243a      0xc2b obj\release\spl\src\stm32f10x_adc.o
 .debug_info    0x00003065      0x891 obj\release\spl\src\stm32f10x_gpio.o
 .debug_info    0x000038f6      0x946 obj\release\spl\src\stm32f10x_rcc.o
 .debug_info    0x0000423c      0x5c2 obj\release\src\main.o
 .debug_info    0x000047fe       0x7d obj\release\src\startup_stm32f10x_md.o
 .debug_info    0x0000487b      0x4c8 obj\release\src\system_stm32f10x.o

.debug_abbrev   0x00000000     0x11fa
 .debug_abbrev  0x00000000      0x261 obj\release\~#\~#\~#\stm32\stm32\library\adc\adc.o
 .debug_abbrev  0x00000261      0x559 obj\release\inc\core\core.o
 .debug_abbrev  0x000007ba      0x1e8 obj\release\spl\src\stm32f10x_adc.o
 .debug_abbrev  0x000009a2      0x202 obj\release\spl\src\stm32f10x_gpio.o
 .debug_abbrev  0x00000ba4      0x270 obj\release\spl\src\stm32f10x_rcc.o
 .debug_abbrev  0x00000e14      0x262 obj\release\src\main.o
 .debug_abbrev  0x00001076       0x14 obj\release\src\startup_stm32f10x_md.o
 .debug_abbrev  0x0000108a      0x170 obj\release\src\system_stm32f10x.o

.debug_loc      0x00000000     0x24b6
 .debug_loc     0x00000000      0x278 obj\release\~#\~#\~#\stm32\stm32\library\adc\adc.o
 .debug_loc     0x00000278      0xa0f obj\release\inc\core\core.o
 .debug_loc     0x00000c87      0x9cd obj\release\spl\src\stm32f10x_adc.o
 .debug_loc     0x00001654      0x569 obj\release\spl\src\stm32f10x_gpio.o
 .debug_loc     0x00001bbd      0x726 obj\release\spl\src\stm32f10x_rcc.o
 .debug_loc     0x000022e3      0x117 obj\release\src\main.o
 .debug_loc     0x000023fa       0xbc obj\release\src\system_stm32f10x.o

.debug_aranges  0x00000000      0x550
 .debug_aranges
                0x00000000       0x58 obj\release\~#\~#\~#\stm32\stm32\library\adc\adc.o
 .debug_aranges
                0x00000058      0x170 obj\release\inc\core\core.o
 .debug_aranges
                0x000001c8      0x138 obj\release\spl\src\stm32f10x_adc.o
 .debug_aranges
                0x00000300       0xa8 obj\release\spl\src\stm32f10x_gpio.o
 .debug_aranges
                0x000003a8      0x118 obj\release\spl\src\stm32f10x_rcc.o
 .debug_aranges
                0x000004c0       0x48 obj\release\src\main.o
 .debug_aranges
                0x00000508       0x20 obj\release\src\startup_stm32f10x_md.o
 .debug_aranges
                0x00000528       0x28 obj\release\src\system_stm32f10x.o

.debug_ranges   0x00000000      0x968
 .debug_ranges  0x00000000       0xa8 obj\release\~#\~#\~#\stm32\stm32\library\adc\adc.o
 .debug_ranges  0x000000a8      0x518 obj\release\inc\core\core.o
 .debug_ranges  0x000005c0      0x128 obj\release\spl\src\stm32f10x_adc.o
 .debug_ranges  0x000006e8       0x98 obj\release\spl\src\stm32f10x_gpio.o
 .debug_ranges  0x00000780      0x128 obj\release\spl\src\stm32f10x_rcc.o
 .debug_ranges  0x000008a8       0x80 obj\release\src\main.o
 .debug_ranges  0x00000928       0x40 obj\release\src\system_stm32f10x.o

.debug_line     0x00000000     0x1bc8
 .debug_line    0x00000000      0x2d1 obj\release\~#\~#\~#\stm32\stm32\library\adc\adc.o
 .debug_line    0x000002d1      0x83c obj\release\inc\core\core.o
 .debug_line    0x00000b0d      0x4ac obj\release\spl\src\stm32f10x_adc.o
 .debug_line    0x00000fb9      0x357 obj\release\spl\src\stm32f10x_gpio.o
 .debug_line    0x00001310      0x42f obj\release\spl\src\stm32f10x_rcc.o
 .debug_line    0x0000173f      0x230 obj\release\src\main.o
 .debug_line    0x0000196f       0xa8 obj\release\src\startup_stm32f10x_md.o
 .debug_line    0x00001a17      0x1b1 obj\release\src\system_stm32f10x.o

.debug_str      0x00000000     0x1a3a
 .debug_str     0x00000000      0x6ab obj\release\~#\~#\~#\stm32\stm32\library\adc\adc.o
                                0x71a (size before relaxing)
 .debug_str     0x000006ab      0x6eb obj\release\inc\core\core.o
                                0xcdc (size before relaxing)
 .debug_str     0x00000d96      0x4fb obj\release\spl\src\stm32f10x_adc.o
                                0x762 (size before relaxing)
 .debug_str     0x00001291      0x22a obj\release\spl\src\stm32f10x_gpio.o
                                0x580 (size before relaxing)
 .debug_str     0x000014bb      0x341 obj\release\spl\src\stm32f10x_rcc.o
                                0x66a (size before relaxing)
 .debug_str     0x000017fc      0x1da obj\release\src\main.o
                                0x4d2 (size before relaxing)
 .debug_str     0x000019d6       0x64 obj\release\src\system_stm32f10x.o
                                0x33c (size before relaxing)

.debug_frame    0x00000000     0x156c
 .debug_frame   0x00000000       0xd4 obj\release\~#\~#\~#\stm32\stm32\library\adc\adc.o
 .debug_frame   0x000000d4      0x418 obj\release\inc\core\core.o
 .debug_frame   0x000004ec      0x2c0 obj\release\spl\src\stm32f10x_adc.o
 .debug_frame   0x000007ac      0x1b0 obj\release\spl\src\stm32f10x_gpio.o
 .debug_frame   0x0000095c      0x228 obj\release\spl\src\stm32f10x_rcc.o
 .debug_frame   0x00000b84       0xc0 obj\release\src\main.o
 .debug_frame   0x00000c44       0x48 obj\release\src\system_stm32f10x.o
 .debug_frame   0x00000c8c       0x28 c:/program files (x86)/embitz/1.11/share/em_armgcc/bin/../lib/gcc/arm-none-eabi/5.4.1/../../../../arm-none-eabi/lib/armv7-m\libg_n.a(lib_a-exit.o)
 .debug_frame   0x00000cb4       0x2c c:/program files (x86)/embitz/1.11/share/em_armgcc/bin/../lib/gcc/arm-none-eabi/5.4.1/../../../../arm-none-eabi/lib/armv7-m\libg_n.a(lib_a-init.o)
 .debug_frame   0x00000ce0       0x20 c:/program files (x86)/embitz/1.11/share/em_armgcc/bin/../lib/gcc/arm-none-eabi/5.4.1/../../../../arm-none-eabi/lib/armv7-m\libg_n.a(lib_a-memset.o)
 .debug_frame   0x00000d00       0x74 c:/program files (x86)/embitz/1.11/share/em_armgcc/bin/../lib/gcc/arm-none-eabi/5.4.1/../../../../arm-none-eabi/lib/armv7-m\libg_n.a(lib_a-printf.o)
 .debug_frame   0x00000d74       0x58 c:/program files (x86)/embitz/1.11/share/em_armgcc/bin/../lib/gcc/arm-none-eabi/5.4.1/../../../../arm-none-eabi/lib/armv7-m\libg_n.a(lib_a-putchar.o)
 .debug_frame   0x00000dcc      0x11c c:/program files (x86)/embitz/1.11/share/em_armgcc/bin/../lib/gcc/arm-none-eabi/5.4.1/../../../../arm-none-eabi/lib/armv7-m\libg_n.a(lib_a-findfp.o)
 .debug_frame   0x00000ee8       0x54 c:/program files (x86)/embitz/1.11/share/em_armgcc/bin/../lib/gcc/arm-none-eabi/5.4.1/../../../../arm-none-eabi/lib/armv7-m\libg_n.a(lib_a-fwalk.o)
 .debug_frame   0x00000f3c       0x2c c:/program files (x86)/embitz/1.11/share/em_armgcc/bin/../lib/gcc/arm-none-eabi/5.4.1/../../../../arm-none-eabi/lib/armv7-m\libg_n.a(lib_a-nano-mallocr.o)
 .debug_frame   0x00000f68       0xac c:/program files (x86)/embitz/1.11/share/em_armgcc/bin/../lib/gcc/arm-none-eabi/5.4.1/../../../../arm-none-eabi/lib/armv7-m\libg_n.a(lib_a-nano-vfprintf.o)
 .debug_frame   0x00001014       0x60 c:/program files (x86)/embitz/1.11/share/em_armgcc/bin/../lib/gcc/arm-none-eabi/5.4.1/../../../../arm-none-eabi/lib/armv7-m\libg_n.a(lib_a-nano-vfprintf_i.o)
 .debug_frame   0x00001074       0x48 c:/program files (x86)/embitz/1.11/share/em_armgcc/bin/../lib/gcc/arm-none-eabi/5.4.1/../../../../arm-none-eabi/lib/armv7-m\libg_n.a(lib_a-putc.o)
 .debug_frame   0x000010bc       0x5c c:/program files (x86)/embitz/1.11/share/em_armgcc/bin/../lib/gcc/arm-none-eabi/5.4.1/../../../../arm-none-eabi/lib/armv7-m\libg_n.a(lib_a-reent.o)
 .debug_frame   0x00001118       0x2c c:/program files (x86)/embitz/1.11/share/em_armgcc/bin/../lib/gcc/arm-none-eabi/5.4.1/../../../../arm-none-eabi/lib/armv7-m\libg_n.a(lib_a-sbrkr.o)
 .debug_frame   0x00001144       0x88 c:/program files (x86)/embitz/1.11/share/em_armgcc/bin/../lib/gcc/arm-none-eabi/5.4.1/../../../../arm-none-eabi/lib/armv7-m\libg_n.a(lib_a-stdio.o)
 .debug_frame   0x000011cc       0x40 c:/program files (x86)/embitz/1.11/share/em_armgcc/bin/../lib/gcc/arm-none-eabi/5.4.1/../../../../arm-none-eabi/lib/armv7-m\libg_n.a(lib_a-wbuf.o)
 .debug_frame   0x0000120c       0x2c c:/program files (x86)/embitz/1.11/share/em_armgcc/bin/../lib/gcc/arm-none-eabi/5.4.1/../../../../arm-none-eabi/lib/armv7-m\libg_n.a(lib_a-writer.o)
 .debug_frame   0x00001238       0x2c c:/program files (x86)/embitz/1.11/share/em_armgcc/bin/../lib/gcc/arm-none-eabi/5.4.1/../../../../arm-none-eabi/lib/armv7-m\libg_n.a(lib_a-wsetup.o)
 .debug_frame   0x00001264       0x2c c:/program files (x86)/embitz/1.11/share/em_armgcc/bin/../lib/gcc/arm-none-eabi/5.4.1/../../../../arm-none-eabi/lib/armv7-m\libg_n.a(lib_a-closer.o)
 .debug_frame   0x00001290       0x68 c:/program files (x86)/embitz/1.11/share/em_armgcc/bin/../lib/gcc/arm-none-eabi/5.4.1/../../../../arm-none-eabi/lib/armv7-m\libg_n.a(lib_a-fflush.o)
 .debug_frame   0x000012f8       0x2c c:/program files (x86)/embitz/1.11/share/em_armgcc/bin/../lib/gcc/arm-none-eabi/5.4.1/../../../../arm-none-eabi/lib/armv7-m\libg_n.a(lib_a-lseekr.o)
 .debug_frame   0x00001324       0x54 c:/program files (x86)/embitz/1.11/share/em_armgcc/bin/../lib/gcc/arm-none-eabi/5.4.1/../../../../arm-none-eabi/lib/armv7-m\libg_n.a(lib_a-makebuf.o)
 .debug_frame   0x00001378       0x28 c:/program files (x86)/embitz/1.11/share/em_armgcc/bin/../lib/gcc/arm-none-eabi/5.4.1/../../../../arm-none-eabi/lib/armv7-m\libg_n.a(lib_a-memchr-stub.o)
 .debug_frame   0x000013a0       0x30 c:/program files (x86)/embitz/1.11/share/em_armgcc/bin/../lib/gcc/arm-none-eabi/5.4.1/../../../../arm-none-eabi/lib/armv7-m\libg_n.a(lib_a-mlock.o)
 .debug_frame   0x000013d0       0x38 c:/program files (x86)/embitz/1.11/share/em_armgcc/bin/../lib/gcc/arm-none-eabi/5.4.1/../../../../arm-none-eabi/lib/armv7-m\libg_n.a(lib_a-nano-freer.o)
 .debug_frame   0x00001408       0x2c c:/program files (x86)/embitz/1.11/share/em_armgcc/bin/../lib/gcc/arm-none-eabi/5.4.1/../../../../arm-none-eabi/lib/armv7-m\libg_n.a(lib_a-readr.o)
 .debug_frame   0x00001434       0x2c c:/program files (x86)/embitz/1.11/share/em_armgcc/bin/../lib/gcc/arm-none-eabi/5.4.1/../../../../arm-none-eabi/lib/armv7-m\libg_n.a(lib_a-fstatr.o)
 .debug_frame   0x00001460       0x2c c:/program files (x86)/embitz/1.11/share/em_armgcc/bin/../lib/gcc/arm-none-eabi/5.4.1/../../../../arm-none-eabi/lib/armv7-m\libg_n.a(lib_a-isattyr.o)
 .debug_frame   0x0000148c       0x20 c:/program files (x86)/embitz/1.11/share/em_armgcc/bin/../lib/gcc/arm-none-eabi/5.4.1/../../../../arm-none-eabi/lib/armv7-m\libnosys_s.a(close.o)
 .debug_frame   0x000014ac       0x20 c:/program files (x86)/embitz/1.11/share/em_armgcc/bin/../lib/gcc/arm-none-eabi/5.4.1/../../../../arm-none-eabi/lib/armv7-m\libnosys_s.a(fstat.o)
 .debug_frame   0x000014cc       0x20 c:/program files (x86)/embitz/1.11/share/em_armgcc/bin/../lib/gcc/arm-none-eabi/5.4.1/../../../../arm-none-eabi/lib/armv7-m\libnosys_s.a(isatty.o)
 .debug_frame   0x000014ec       0x20 c:/program files (x86)/embitz/1.11/share/em_armgcc/bin/../lib/gcc/arm-none-eabi/5.4.1/../../../../arm-none-eabi/lib/armv7-m\libnosys_s.a(lseek.o)
 .debug_frame   0x0000150c       0x20 c:/program files (x86)/embitz/1.11/share/em_armgcc/bin/../lib/gcc/arm-none-eabi/5.4.1/../../../../arm-none-eabi/lib/armv7-m\libnosys_s.a(read.o)
 .debug_frame   0x0000152c       0x20 c:/program files (x86)/embitz/1.11/share/em_armgcc/bin/../lib/gcc/arm-none-eabi/5.4.1/../../../../arm-none-eabi/lib/armv7-m\libnosys_s.a(sbrk.o)
 .debug_frame   0x0000154c       0x20 c:/program files (x86)/embitz/1.11/share/em_armgcc/bin/../lib/gcc/arm-none-eabi/5.4.1/../../../../arm-none-eabi/lib/armv7-m\libnosys_s.a(_exit.o)

.stab           0x00000000       0x84
 .stab          0x00000000       0x24 c:/program files (x86)/embitz/1.11/share/em_armgcc/bin/../lib/gcc/arm-none-eabi/5.4.1/../../../../arm-none-eabi/lib/armv7-m\libnosys_s.a(close.o)
 .stab          0x00000024       0x18 c:/program files (x86)/embitz/1.11/share/em_armgcc/bin/../lib/gcc/arm-none-eabi/5.4.1/../../../../arm-none-eabi/lib/armv7-m\libnosys_s.a(fstat.o)
                                 0x24 (size before relaxing)
 .stab          0x0000003c       0x18 c:/program files (x86)/embitz/1.11/share/em_armgcc/bin/../lib/gcc/arm-none-eabi/5.4.1/../../../../arm-none-eabi/lib/armv7-m\libnosys_s.a(isatty.o)
                                 0x24 (size before relaxing)
 .stab          0x00000054       0x18 c:/program files (x86)/embitz/1.11/share/em_armgcc/bin/../lib/gcc/arm-none-eabi/5.4.1/../../../../arm-none-eabi/lib/armv7-m\libnosys_s.a(lseek.o)
                                 0x24 (size before relaxing)
 .stab          0x0000006c       0x18 c:/program files (x86)/embitz/1.11/share/em_armgcc/bin/../lib/gcc/arm-none-eabi/5.4.1/../../../../arm-none-eabi/lib/armv7-m\libnosys_s.a(read.o)
                                 0x24 (size before relaxing)

.stabstr        0x00000000      0x183
 .stabstr       0x00000000      0x183 c:/program files (x86)/embitz/1.11/share/em_armgcc/bin/../lib/gcc/arm-none-eabi/5.4.1/../../../../arm-none-eabi/lib/armv7-m\libnosys_s.a(close.o)
